
> server@1.0.0 test
> vitest run


[1m[30m[46m RUN [49m[39m[22m [36mv4.1.5 [39m[90mC:/MAIN/DEVELOPER/MY-PROJECT-NEW-MOCROSERVICE/MY-PROJECT-NEW-MOCROSERVICE-MODUL/server[39m

 [32mтЬУ[39m __tests__/foundation/signed-url.test.js[2m > [22msignedUrl тАФ create + verify[2m > [22mround-trip with payload[32m 6[2mms[22m[39m
 [32mтЬУ[39m __tests__/foundation/signed-url.test.js[2m > [22msignedUrl тАФ create + verify[2m > [22mrejects payload that is not an object[32m 2[2mms[22m[39m
 [32mтЬУ[39m __tests__/foundation/signed-url.test.js[2m > [22msignedUrl тАФ create + verify[2m > [22msupports TTL formats: s, m, h, d[32m 2[2mms[22m[39m
 [32mтЬУ[39m __tests__/foundation/signed-url.test.js[2m > [22msignedUrl тАФ create + verify[2m > [22msupports numeric TTL (seconds)[32m 1[2mms[22m[39m
 [32mтЬУ[39m __tests__/foundation/signed-url.test.js[2m > [22msignedUrl тАФ create + verify[2m > [22mrejects invalid TTL format[32m 1[2mms[22m[39m
 [32mтЬУ[39m __tests__/foundation/signed-url.test.js[2m > [22msignedUrl тАФ security[2m > [22mrejects tampered token (signature mismatch)[32m 1[2mms[22m[39m
 [32mтЬУ[39m __tests__/foundation/signed-url.test.js[2m > [22msignedUrl тАФ security[2m > [22mrejects malformed token[32m 1[2mms[22m[39m
 [32mтЬУ[39m __tests__/foundation/signed-url.test.js[2m > [22msignedUrl тАФ security[2m > [22mrejects expired token[33m 2105[2mms[22m[39m
 [32mтЬУ[39m __tests__/foundation/signed-url.test.js[2m > [22msignedUrl тАФ security[2m > [22mrejects token with modified payload[32m 1[2mms[22m[39m
[23:02:56] [33mWARN[39m: [36m[handled] Authentication and clinic context required[39m
    [35mservice[39m: "docpats-api"
    [35menv[39m: "test"
    [35mmethod[39m: "POST"
    [35murl[39m: "/api/v1/clinic/invitations"
    [35mstatus[39m: 401
    [35mcode[39m: "UNAUTHORIZED"
    [35muserId[39m: null
    [35mclinicId[39m: null
 [32mтЬУ[39m __tests__/clinic-staff/invitations.test.js[2m > [22mPOST /api/v1/clinic/invitations тАФ create[2m > [22mrequires authentication[32m 213[2mms[22m[39m
[23:02:56] [32mINFO[39m: [36mClinic created with owner membership[39m
    [35mservice[39m: "docpats-api"
    [35menv[39m: "test"
    [35mmodule[39m: "clinic-core/service"
    [35mclinicId[39m: "69ff84e04c0e4f19e0743887"
    [35mownerId[39m: "69ff84e04c0e4f19e074386d"
    [35mslug[39m: "test-clinic-1"
[23:02:56] [34mDEBUG[39m: [36mEvent emitted with no listeners[39m
    [35mservice[39m: "docpats-api"
    [35menv[39m: "test"
    [35mmodule[39m: "eventBus"
    [35mevent[39m: "clinic.created"
[23:02:56] [32mINFO[39m: [36mInvitation created[39m
    [35mservice[39m: "docpats-api"
    [35menv[39m: "test"
    [35mmodule[39m: "clinic-staff/invitation"
    [35minvitationId[39m: "69ff84e04c0e4f19e0743892"
    [35mclinicId[39m: "69ff84e04c0e4f19e0743887"
    [35mrole[39m: "receptionist"
    [35minvitedBy[39m: "69ff84e04c0e4f19e074386d"
    [35memailSent[39m: true
[23:02:56] [32mINFO[39m: [36mClinic created with owner membership[39m
    [35mservice[39m: "docpats-api"
    [35menv[39m: "test"
    [35mmodule[39m: "clinic-core/service"
    [35mclinicId[39m: "69ff84e04c0e4f19e074389d"
    [35mownerId[39m: "69ff84e04c0e4f19e074389b"
    [35mslug[39m: "test-clinic-2"
[23:02:56] [34mDEBUG[39m: [36mEvent emitted with no listeners[39m
    [35mservice[39m: "docpats-api"
    [35menv[39m: "test"
    [35mmodule[39m: "eventBus"
    [35mevent[39m: "clinic.created"
[23:02:56] [33mWARN[39m: [36m[handled] Invalid input[39m
    [35mservice[39m: "docpats-api"
    [35menv[39m: "test"
    [35mmethod[39m: "POST"
    [35murl[39m: "/api/v1/clinic/invitations"
    [35mstatus[39m: 400
    [35mcode[39m: "VALIDATION_ERROR"
    [35muserId[39m: "69ff84e04c0e4f19e074389b"
    [35mclinicId[39m: "69ff84e04c0e4f19e074389d"
 [32mтЬУ[39m __tests__/clinic-staff/invitations.test.js[2m > [22mPOST /api/v1/clinic/invitations тАФ create[2m > [22mowner can create invitation and email is sent[32m 194[2mms[22m[39m
[23:02:56] [32mINFO[39m: [36mClinic created with owner membership[39m
    [35mservice[39m: "docpats-api"
    [35menv[39m: "test"
    [35mmodule[39m: "clinic-core/service"
    [35mclinicId[39m: "69ff84e04c0e4f19e07438aa"
    [35mownerId[39m: "69ff84e04c0e4f19e07438a8"
    [35mslug[39m: "test-clinic-3"
[23:02:56] [34mDEBUG[39m: [36mEvent emitted with no listeners[39m
    [35mservice[39m: "docpats-api"
    [35menv[39m: "test"
    [35mmodule[39m: "eventBus"
    [35mevent[39m: "clinic.created"
[23:02:56] [33mWARN[39m: [36m[handled] Role 'manager' cannot assign role 'admin'[39m
    [35mservice[39m: "docpats-api"
    [35menv[39m: "test"
    [35mmethod[39m: "POST"
    [35murl[39m: "/api/v1/clinic/invitations"
    [35mstatus[39m: 403
    [35mcode[39m: "FORBIDDEN"
    [35muserId[39m: "69ff84e04c0e4f19e07438ae"
    [35mclinicId[39m: "69ff84e04c0e4f19e07438aa"
[23:02:56] [32mINFO[39m: [36mClinic created with owner membership[39m
    [35mservice[39m: "docpats-api"
    [35menv[39m: "test"
    [35mmodule[39m: "clinic-core/service"
    [35mclinicId[39m: "69ff84e04c0e4f19e07438ba"
    [35mownerId[39m: "69ff84e04c0e4f19e07438b8"
    [35mslug[39m: "test-clinic-4"
[23:02:56] [34mDEBUG[39m: [36mEvent emitted with no listeners[39m
    [35mservice[39m: "docpats-api"
    [35menv[39m: "test"
    [35mmodule[39m: "eventBus"
    [35mevent[39m: "clinic.created"
 [32mтЬУ[39m __tests__/clinic-staff/invitations.test.js[2m > [22mPOST /api/v1/clinic/invitations тАФ create[2m > [22mrejects invalid role (e.g. 'doctor' is User-tied, not internal)[32m 61[2mms[22m[39m
 [32mтЬУ[39m __tests__/clinic-staff/invitations.test.js[2m > [22mPOST /api/v1/clinic/invitations тАФ create[2m > [22mmanager cannot invite admin (privilege escalation guard)[32m 60[2mms[22m[39m
[23:02:56] [32mINFO[39m: [36mInvitation created[39m
    [35mservice[39m: "docpats-api"
    [35menv[39m: "test"
    [35mmodule[39m: "clinic-staff/invitation"
    [35minvitationId[39m: "69ff84e04c0e4f19e07438c2"
    [35mclinicId[39m: "69ff84e04c0e4f19e07438ba"
    [35mrole[39m: "receptionist"
    [35minvitedBy[39m: "69ff84e04c0e4f19e07438b8"
    [35memailSent[39m: true
[23:02:56] [33mWARN[39m: [36m[handled] A pending invitation already exists for this email[39m
    [35mservice[39m: "docpats-api"
    [35menv[39m: "test"
    [35mmethod[39m: "POST"
    [35murl[39m: "/api/v1/clinic/invitations"
    [35mstatus[39m: 409
    [35mcode[39m: "CONFLICT"
    [35muserId[39m: "69ff84e04c0e4f19e07438b8"
    [35mclinicId[39m: "69ff84e04c0e4f19e07438ba"
[23:02:56] [32mINFO[39m: [36mClinic created with owner membership[39m
    [35mservice[39m: "docpats-api"
    [35menv[39m: "test"
    [35mmodule[39m: "clinic-core/service"
    [35mclinicId[39m: "69ff84e04c0e4f19e07438cf"
    [35mownerId[39m: "69ff84e04c0e4f19e07438cd"
    [35mslug[39m: "test-clinic-5"
[23:02:56] [34mDEBUG[39m: [36mEvent emitted with no listeners[39m
    [35mservice[39m: "docpats-api"
    [35menv[39m: "test"
    [35mmodule[39m: "eventBus"
    [35mevent[39m: "clinic.created"
[23:02:56] [32mINFO[39m: [36mClinic created with owner membership[39m
    [35mservice[39m: "docpats-api"
    [35menv[39m: "test"
    [35mmodule[39m: "clinic-core/service"
    [35mclinicId[39m: "69ff84e04c0e4f19e07438d5"
    [35mownerId[39m: "69ff84e04c0e4f19e07438d3"
    [35mslug[39m: "test-clinic-6"
[23:02:56] [34mDEBUG[39m: [36mEvent emitted with no listeners[39m
    [35mservice[39m: "docpats-api"
    [35menv[39m: "test"
    [35mmodule[39m: "eventBus"
    [35mevent[39m: "clinic.created"
[23:02:56] [32mINFO[39m: [36mInvitation created[39m
    [35mservice[39m: "docpats-api"
    [35menv[39m: "test"
    [35mmodule[39m: "clinic-staff/invitation"
    [35minvitationId[39m: "69ff84e04c0e4f19e07438dd"
    [35mclinicId[39m: "69ff84e04c0e4f19e07438cf"
    [35mrole[39m: "nurse"
    [35minvitedBy[39m: "69ff84e04c0e4f19e07438cd"
    [35memailSent[39m: true
 [32mтЬУ[39m __tests__/clinic-staff/invitations.test.js[2m > [22mPOST /api/v1/clinic/invitations тАФ create[2m > [22mrejects 409 if a pending invitation for same email exists[32m 91[2mms[22m[39m
[23:02:56] [32mINFO[39m: [36mInvitation created[39m
    [35mservice[39m: "docpats-api"
    [35menv[39m: "test"
    [35mmodule[39m: "clinic-staff/invitation"
    [35minvitationId[39m: "69ff84e04c0e4f19e07438e4"
    [35mclinicId[39m: "69ff84e04c0e4f19e07438d5"
    [35mrole[39m: "nurse"
    [35minvitedBy[39m: "69ff84e04c0e4f19e07438d3"
    [35memailSent[39m: true
[23:02:56] [32mINFO[39m: [36mClinic created with owner membership[39m
    [35mservice[39m: "docpats-api"
    [35menv[39m: "test"
    [35mmodule[39m: "clinic-core/service"
    [35mclinicId[39m: "69ff84e04c0e4f19e07438f1"
    [35mownerId[39m: "69ff84e04c0e4f19e07438ef"
    [35mslug[39m: "test-clinic-7"
[23:02:56] [34mDEBUG[39m: [36mEvent emitted with no listeners[39m
    [35mservice[39m: "docpats-api"
    [35menv[39m: "test"
    [35mmodule[39m: "eventBus"
    [35mevent[39m: "clinic.created"
[23:02:56] [32mINFO[39m: [36mInvitation created[39m
    [35mservice[39m: "docpats-api"
    [35menv[39m: "test"
    [35mmodule[39m: "clinic-staff/invitation"
    [35minvitationId[39m: "69ff84e04c0e4f19e07438f9"
    [35mclinicId[39m: "69ff84e04c0e4f19e07438f1"
    [35mrole[39m: "nurse"
    [35minvitedBy[39m: "69ff84e04c0e4f19e07438ef"
    [35memailSent[39m: true
[23:02:56] [32mINFO[39m: [36mInvitation revoked[39m
    [35mservice[39m: "docpats-api"
    [35menv[39m: "test"
    [35mmodule[39m: "clinic-staff/invitation"
    [35minvitationId[39m: "69ff84e04c0e4f19e07438f9"
    [35mclinicId[39m: "69ff84e04c0e4f19e07438f1"
    [35mrevokedBy[39m: "69ff84e04c0e4f19e07438ef"
 [32mтЬУ[39m __tests__/clinic-staff/invitations.test.js[2m > [22mGET /api/v1/clinic/invitations тАФ list[2m > [22mreturns pending invitations of own clinic only (cross-tenant)[32m 140[2mms[22m[39m
[23:02:56] [32mINFO[39m: [36mClinic created with owner membership[39m
    [35mservice[39m: "docpats-api"
    [35menv[39m: "test"
    [35mmodule[39m: "clinic-core/service"
    [35mclinicId[39m: "69ff84e04c0e4f19e0743907"
    [35mownerId[39m: "69ff84e04c0e4f19e0743905"
    [35mslug[39m: "test-clinic-8"
[23:02:56] [34mDEBUG[39m: [36mEvent emitted with no listeners[39m
    [35mservice[39m: "docpats-api"
    [35menv[39m: "test"
    [35mmodule[39m: "eventBus"
    [35mevent[39m: "clinic.created"
[23:02:56] [32mINFO[39m: [36mClinic created with owner membership[39m
    [35mservice[39m: "docpats-api"
    [35menv[39m: "test"
    [35mmodule[39m: "clinic-core/service"
    [35mclinicId[39m: "69ff84e04c0e4f19e074390d"
    [35mownerId[39m: "69ff84e04c0e4f19e074390b"
    [35mslug[39m: "test-clinic-9"
[23:02:56] [34mDEBUG[39m: [36mEvent emitted with no listeners[39m
    [35mservice[39m: "docpats-api"
    [35menv[39m: "test"
    [35mmodule[39m: "eventBus"
    [35mevent[39m: "clinic.created"
[23:02:57] [32mINFO[39m: [36mInvitation created[39m
    [35mservice[39m: "docpats-api"
    [35menv[39m: "test"
    [35mmodule[39m: "clinic-staff/invitation"
    [35minvitationId[39m: "69ff84e04c0e4f19e0743915"
    [35mclinicId[39m: "69ff84e04c0e4f19e0743907"
    [35mrole[39m: "nurse"
    [35minvitedBy[39m: "69ff84e04c0e4f19e0743905"
    [35memailSent[39m: true
[23:02:57] [33mWARN[39m: [36m[handled] Invitation not found not found[39m
    [35mservice[39m: "docpats-api"
    [35menv[39m: "test"
    [35mmethod[39m: "DELETE"
    [35murl[39m: "/api/v1/clinic/invitations/69ff84e04c0e4f19e0743915"
    [35mstatus[39m: 404
    [35mcode[39m: "NOT_FOUND"
    [35muserId[39m: "69ff84e04c0e4f19e074390b"
    [35mclinicId[39m: "69ff84e04c0e4f19e074390d"
 [32mтЬУ[39m __tests__/clinic-staff/invitations.test.js[2m > [22mDELETE /api/v1/clinic/invitations/:id тАФ revoke[2m > [22mowner can revoke pending invitation[32m 91[2mms[22m[39m
[23:02:57] [32mINFO[39m: [36mClinic created with owner membership[39m
    [35mservice[39m: "docpats-api"
    [35menv[39m: "test"
    [35mmodule[39m: "clinic-core/service"
    [35mclinicId[39m: "69ff84e14c0e4f19e0743922"
    [35mownerId[39m: "69ff84e14c0e4f19e0743920"
    [35mslug[39m: "test-clinic-10"
[23:02:57] [34mDEBUG[39m: [36mEvent emitted with no listeners[39m
    [35mservice[39m: "docpats-api"
    [35menv[39m: "test"
    [35mmodule[39m: "eventBus"
    [35mevent[39m: "clinic.created"
[23:02:57] [32mINFO[39m: [36mInvitation created[39m
    [35mservice[39m: "docpats-api"
    [35menv[39m: "test"
    [35mmodule[39m: "clinic-staff/invitation"
    [35minvitationId[39m: "69ff84e14c0e4f19e074392a"
    [35mclinicId[39m: "69ff84e14c0e4f19e0743922"
    [35mrole[39m: "receptionist"
    [35minvitedBy[39m: "69ff84e14c0e4f19e0743920"
    [35memailSent[39m: true
[23:02:57] [33mWARN[39m: [36m[handled] Invitation not found not found[39m
    [35mservice[39m: "docpats-api"
    [35menv[39m: "test"
    [35mmethod[39m: "GET"
    [35murl[39m: "/api/v1/clinic/invitations/preview?token=eyJpbnZpdGF0aW9uSWQiOiJkb2Vzbm90ZXhpc3QiLCJpYXQiOjE3NzgzNTMzNzcsImV4cCI6MTc3ODM1Njk3N30.l0F3ZaMVGlP25Wf7XiRf89DYS9M1q4j8rANp2eSoDPQ"
    [35mstatus[39m: 404
    [35mcode[39m: "NOT_FOUND"
    [35muserId[39m: null
    [35mclinicId[39m: null
 [32mтЬУ[39m __tests__/clinic-staff/invitations.test.js[2m > [22mDELETE /api/v1/clinic/invitations/:id тАФ revoke[2m > [22mcannot revoke invitation from another clinic (404)[32m 92[2mms[22m[39m
 [32mтЬУ[39m __tests__/clinic-staff/invitations.test.js[2m > [22mGET /api/v1/clinic/invitations/preview тАФ public preview[2m > [22mreturns invitation details for valid token[32m 81[2mms[22m[39m
[23:02:57] [32mINFO[39m: [36mClinic created with owner membership[39m
    [35mservice[39m: "docpats-api"
    [35menv[39m: "test"
    [35mmodule[39m: "clinic-core/service"
    [35mclinicId[39m: "69ff84e14c0e4f19e074393d"
    [35mownerId[39m: "69ff84e14c0e4f19e074393b"
    [35mslug[39m: "test-clinic-11"
[23:02:57] [34mDEBUG[39m: [36mEvent emitted with no listeners[39m
    [35mservice[39m: "docpats-api"
    [35menv[39m: "test"
    [35mmodule[39m: "eventBus"
    [35mevent[39m: "clinic.created"
[23:02:57] [32mINFO[39m: [36mInvitation created[39m
    [35mservice[39m: "docpats-api"
    [35menv[39m: "test"
    [35mmodule[39m: "clinic-staff/invitation"
    [35minvitationId[39m: "69ff84e14c0e4f19e0743945"
    [35mclinicId[39m: "69ff84e14c0e4f19e074393d"
    [35mrole[39m: "receptionist"
    [35minvitedBy[39m: "69ff84e14c0e4f19e074393b"
    [35memailSent[39m: true
[23:02:57] [32mINFO[39m: [36mOTP generated and sent[39m
    [35mservice[39m: "docpats-api"
    [35menv[39m: "test"
    [35mmodule[39m: "clinic-staff/invitation"
    [35minvitationId[39m: "69ff84e14c0e4f19e0743945"
    [35memailSent[39m: true
[23:02:57] [32mINFO[39m: [36mClinic created with owner membership[39m
    [35mservice[39m: "docpats-api"
    [35menv[39m: "test"
    [35mmodule[39m: "clinic-core/service"
    [35mclinicId[39m: "69ff84e14c0e4f19e0743952"
    [35mownerId[39m: "69ff84e14c0e4f19e0743950"
    [35mslug[39m: "test-clinic-12"
[23:02:57] [34mDEBUG[39m: [36mEvent emitted with no listeners[39m
    [35mservice[39m: "docpats-api"
    [35menv[39m: "test"
    [35mmodule[39m: "eventBus"
    [35mevent[39m: "clinic.created"
 [32mтЬУ[39m __tests__/clinic-staff/invitations.test.js[2m > [22mGET /api/v1/clinic/invitations/preview тАФ public preview[2m > [22mrejects invalid/forged token[32m 19[2mms[22m[39m
 [32mтЬУ[39m __tests__/clinic-staff/invitations.test.js[2m > [22mPOST /api/v1/clinic/invitations/request-otp[2m > [22mgenerates and sends OTP[32m 78[2mms[22m[39m
[23:02:57] [32mINFO[39m: [36mInvitation created[39m
    [35mservice[39m: "docpats-api"
    [35menv[39m: "test"
    [35mmodule[39m: "clinic-staff/invitation"
    [35minvitationId[39m: "69ff84e14c0e4f19e074395a"
    [35mclinicId[39m: "69ff84e14c0e4f19e0743952"
    [35mrole[39m: "receptionist"
    [35minvitedBy[39m: "69ff84e14c0e4f19e0743950"
    [35memailSent[39m: true
[23:02:57] [32mINFO[39m: [36mOTP generated and sent[39m
    [35mservice[39m: "docpats-api"
    [35menv[39m: "test"
    [35mmodule[39m: "clinic-staff/invitation"
    [35minvitationId[39m: "69ff84e14c0e4f19e074395a"
    [35memailSent[39m: true
[23:02:57] [32mINFO[39m: [36mInvitation accepted, employee created[39m
    [35mservice[39m: "docpats-api"
    [35menv[39m: "test"
    [35mmodule[39m: "clinic-staff/invitation"
    [35minvitationId[39m: "69ff84e14c0e4f19e074395a"
    [35memployeeId[39m: "69ff84e14c0e4f19e0743961"
    [35mclinicId[39m: "69ff84e14c0e4f19e0743952"
    [35mrole[39m: "receptionist"
[23:02:57] [32mINFO[39m: [36mClinic created with owner membership[39m
    [35mservice[39m: "docpats-api"
    [35menv[39m: "test"
    [35mmodule[39m: "clinic-core/service"
    [35mclinicId[39m: "69ff84e14c0e4f19e0743971"
    [35mownerId[39m: "69ff84e14c0e4f19e074396f"
    [35mslug[39m: "test-clinic-13"
[23:02:57] [34mDEBUG[39m: [36mEvent emitted with no listeners[39m
    [35mservice[39m: "docpats-api"
    [35menv[39m: "test"
    [35mmodule[39m: "eventBus"
    [35mevent[39m: "clinic.created"
[23:02:57] [32mINFO[39m: [36mInvitation created[39m
    [35mservice[39m: "docpats-api"
    [35menv[39m: "test"
    [35mmodule[39m: "clinic-staff/invitation"
    [35minvitationId[39m: "69ff84e14c0e4f19e0743979"
    [35mclinicId[39m: "69ff84e14c0e4f19e0743971"
    [35mrole[39m: "receptionist"
    [35minvitedBy[39m: "69ff84e14c0e4f19e074396f"
    [35memailSent[39m: true
[23:02:57] [32mINFO[39m: [36mOTP generated and sent[39m
    [35mservice[39m: "docpats-api"
    [35menv[39m: "test"
    [35mmodule[39m: "clinic-staff/invitation"
    [35minvitationId[39m: "69ff84e14c0e4f19e0743979"
    [35memailSent[39m: true
[23:02:57] [33mWARN[39m: [36m[handled] Invalid OTP. 2 attempts left.[39m
    [35mservice[39m: "docpats-api"
    [35menv[39m: "test"
    [35mmethod[39m: "POST"
    [35murl[39m: "/api/v1/clinic/invitations/accept"
    [35mstatus[39m: 403
    [35mcode[39m: "FORBIDDEN"
    [35muserId[39m: null
    [35mclinicId[39m: null
 [32mтЬУ[39m __tests__/clinic-staff/invitations.test.js[2m > [22mPOST /api/v1/clinic/invitations/accept[2m > [22mcreates ClinicEmployee + ClinicMembership atomically with valid OTP[32m 176[2mms[22m[39m
[23:02:57] [32mINFO[39m: [36mClinic created with owner membership[39m
    [35mservice[39m: "docpats-api"
    [35menv[39m: "test"
    [35mmodule[39m: "clinic-core/service"
    [35mclinicId[39m: "69ff84e14c0e4f19e0743989"
    [35mownerId[39m: "69ff84e14c0e4f19e0743987"
    [35mslug[39m: "test-clinic-14"
[23:02:57] [34mDEBUG[39m: [36mEvent emitted with no listeners[39m
    [35mservice[39m: "docpats-api"
    [35menv[39m: "test"
    [35mmodule[39m: "eventBus"
    [35mevent[39m: "clinic.created"
[23:02:57] [32mINFO[39m: [36mInvitation created[39m
    [35mservice[39m: "docpats-api"
    [35menv[39m: "test"
    [35mmodule[39m: "clinic-staff/invitation"
    [35minvitationId[39m: "69ff84e14c0e4f19e0743991"
    [35mclinicId[39m: "69ff84e14c0e4f19e0743989"
    [35mrole[39m: "receptionist"
    [35minvitedBy[39m: "69ff84e14c0e4f19e0743987"
    [35memailSent[39m: true
[23:02:57] [33mWARN[39m: [36m[handled] OTP not requested. Call request-otp first.[39m
    [35mservice[39m: "docpats-api"
    [35menv[39m: "test"
    [35mmethod[39m: "POST"
    [35murl[39m: "/api/v1/clinic/invitations/accept"
    [35mstatus[39m: 422
    [35mcode[39m: "UNPROCESSABLE"
    [35muserId[39m: null
    [35mclinicId[39m: null
[23:02:57] [32mINFO[39m: [36mClinic created with owner membership[39m
    [35mservice[39m: "docpats-api"
    [35menv[39m: "test"
    [35mmodule[39m: "clinic-core/service"
    [35mclinicId[39m: "69ff84e14c0e4f19e074399d"
    [35mownerId[39m: "69ff84e14c0e4f19e074399b"
    [35mslug[39m: "test-clinic-15"
[23:02:57] [34mDEBUG[39m: [36mEvent emitted with no listeners[39m
    [35mservice[39m: "docpats-api"
    [35menv[39m: "test"
    [35mmodule[39m: "eventBus"
    [35mevent[39m: "clinic.created"
[23:02:57] [32mINFO[39m: [36mInvitation created[39m
    [35mservice[39m: "docpats-api"
    [35menv[39m: "test"
    [35mmodule[39m: "clinic-staff/invitation"
    [35minvitationId[39m: "69ff84e14c0e4f19e07439a5"
    [35mclinicId[39m: "69ff84e14c0e4f19e074399d"
    [35mrole[39m: "receptionist"
    [35minvitedBy[39m: "69ff84e14c0e4f19e074399b"
    [35memailSent[39m: true
[23:02:57] [32mINFO[39m: [36mOTP generated and sent[39m
    [35mservice[39m: "docpats-api"
    [35menv[39m: "test"
    [35mmodule[39m: "clinic-staff/invitation"
    [35minvitationId[39m: "69ff84e14c0e4f19e07439a5"
    [35memailSent[39m: true
[23:02:57] [32mINFO[39m: [36mInvitation accepted, employee created[39m
    [35mservice[39m: "docpats-api"
    [35menv[39m: "test"
    [35mmodule[39m: "clinic-staff/invitation"
    [35minvitationId[39m: "69ff84e14c0e4f19e07439a5"
    [35memployeeId[39m: "69ff84e14c0e4f19e07439ac"
    [35mclinicId[39m: "69ff84e14c0e4f19e074399d"
    [35mrole[39m: "receptionist"
[23:02:57] [33mWARN[39m: [36m[handled] Invitation has already been accepted[39m
    [35mservice[39m: "docpats-api"
    [35menv[39m: "test"
    [35mmethod[39m: "POST"
    [35murl[39m: "/api/v1/clinic/invitations/accept"
    [35mstatus[39m: 409
    [35mcode[39m: "CONFLICT"
    [35muserId[39m: null
    [35mclinicId[39m: null
 [32mтЬУ[39m __tests__/clinic-staff/invitations.test.js[2m > [22mPOST /api/v1/clinic/invitations/accept[2m > [22mrejects invalid OTP and decrements attempts[32m 92[2mms[22m[39m
 [32mтЬУ[39m __tests__/clinic-staff/invitations.test.js[2m > [22mPOST /api/v1/clinic/invitations/accept[2m > [22mrejects accept without prior OTP request[32m 72[2mms[22m[39m
 [32mтЬУ[39m __tests__/clinic-staff/invitations.test.js[2m > [22mPOST /api/v1/clinic/invitations/accept[2m > [22mrejects double-accept (409)[32m 174[2mms[22m[39m
 [32mтЬУ[39m __tests__/multitenancy-isolation.test.js[2m > [22mCRITICAL: multi-tenancy isolation[2m > [22mclinic A doctor cannot list clinic B patients[32m 249[2mms[22m[39m
 [32mтЬУ[39m __tests__/multitenancy-isolation.test.js[2m > [22mCRITICAL: multi-tenancy isolation[2m > [22mclinic B doctor cannot list clinic A patients[32m 94[2mms[22m[39m
 [32mтЬУ[39m __tests__/multitenancy-isolation.test.js[2m > [22mCRITICAL: multi-tenancy isolation[2m > [22mfindById of foreign patient returns null[32m 54[2mms[22m[39m
[23:03:01] [31mERROR[39m: [36mtenantScopedPlugin: cross-tenant query attempt blocked[39m
    [35mservice[39m: "docpats-api"
    [35menv[39m: "test"
    [35mmodule[39m: "tenantScopedPlugin"
    [35mhook[39m: "find"
    [35mcollection[39m: "test_patients"
    [35mrequestedClinicId[39m: "69ff84e56dc9b6c9c406b2f5"
    [35mcontextClinicId[39m: "69ff84e56dc9b6c9c406b2f3"
 [32mтЬУ[39m __tests__/multitenancy-isolation.test.js[2m > [22mCRITICAL: multi-tenancy isolation[2m > [22mfindOne with foreign patient name returns null[32m 52[2mms[22m[39m
 [32mтЬУ[39m __tests__/multitenancy-isolation.test.js[2m > [22mCRITICAL: multi-tenancy isolation[2m > [22mexplicit cross-tenant filter is rejected[32m 54[2mms[22m[39m
 [32mтЬУ[39m __tests__/multitenancy-isolation.test.js[2m > [22mCRITICAL: multi-tenancy isolation[2m > [22mcountDocuments respects tenant scope[32m 54[2mms[22m[39m
 [32mтЬУ[39m __tests__/multitenancy-isolation.test.js[2m > [22mCRITICAL: multi-tenancy isolation[2m > [22mupdateOne cannot touch foreign documents[32m 57[2mms[22m[39m
 [32mтЬУ[39m __tests__/multitenancy-isolation.test.js[2m > [22mCRITICAL: multi-tenancy isolation[2m > [22mdeleteOne cannot delete foreign documents[32m 52[2mms[22m[39m
 [32mтЬУ[39m __tests__/multitenancy-isolation.test.js[2m > [22mCRITICAL: multi-tenancy isolation[2m > [22mcreate automatically uses context's clinicId[32m 47[2mms[22m[39m
[23:03:01] [34mDEBUG[39m: [36mNo membership found for requested clinic[39m
    [35mservice[39m: "docpats-api"
    [35menv[39m: "test"
    [35mmodule[39m: "clinicResolver"
    [35muserId[39m: "69ff84e56dc9b6c9c406b37e"
    [35mrequestedClinicId[39m: "69ff84e56dc9b6c9c406b383"
 [32mтЬУ[39m __tests__/multitenancy-isolation.test.js[2m > [22mCRITICAL: multi-tenancy isolation[2m > [22mmulti-clinic user only sees data of currently active clinic[32m 47[2mms[22m[39m
 [32mтЬУ[39m __tests__/multitenancy-isolation.test.js[2m > [22mCRITICAL: clinic resolver isolation[2m > [22muser without membership in clinic B cannot resolve to it[32m 57[2mms[22m[39m
 [32mтЬУ[39m __tests__/multitenancy-isolation.test.js[2m > [22mCRITICAL: clinic resolver isolation[2m > [22muser with membership in clinic B can resolve to it[32m 49[2mms[22m[39m
 [32mтЬУ[39m __tests__/multitenancy-isolation.test.js[2m > [22mCRITICAL: clinic resolver isolation[2m > [22muser without active membership returns null[32m 46[2mms[22m[39m
 [32mтЬУ[39m __tests__/multitenancy-isolation.test.js[2m > [22mCRITICAL: clinic resolver isolation[2m > [22mleft member is excluded from resolution[32m 58[2mms[22m[39m
 [32mтЬУ[39m __tests__/multitenancy-isolation.test.js[2m > [22msoft delete respects tenant scope[2m > [22msoft-deleted records are hidden from default queries[32m 57[2mms[22m[39m
 [32mтЬУ[39m __tests__/multitenancy-isolation.test.js[2m > [22msoft delete respects tenant scope[2m > [22mfindIncludingDeleted respects tenant scope[32m 53[2mms[22m[39m
 [32mтЬУ[39m __tests__/foundation/feature-flag.test.js[2m > [22mFeatureFlag тАФ tier defaults[2m > [22mstarter tier has no features[32m 155[2mms[22m[39m
 [32mтЬУ[39m __tests__/foundation/feature-flag.test.js[2m > [22mFeatureFlag тАФ tier defaults[2m > [22mpro tier has AI_TRIAGE, WHATSAPP, NO_SHOW_AI[32m 42[2mms[22m[39m
 [32mтЬУ[39m __tests__/foundation/feature-flag.test.js[2m > [22mFeatureFlag тАФ tier defaults[2m > [22mmedical_tourism tier includes SIMULATION and CUSTOM_DOMAIN[32m 20[2mms[22m[39m
 [32mтЬУ[39m __tests__/foundation/feature-flag.test.js[2m > [22mFeatureFlag тАФ tier defaults[2m > [22menterprise tier has ALL features[32m 19[2mms[22m[39m
 [32mтЬУ[39m __tests__/foundation/feature-flag.test.js[2m > [22mFeatureFlag тАФ overrides[2m > [22menableFeature grants feature on starter clinic[32m 41[2mms[22m[39m
 [32mтЬУ[39m __tests__/foundation/feature-flag.test.js[2m > [22mFeatureFlag тАФ overrides[2m > [22mdisableFeature revokes feature on pro clinic[32m 29[2mms[22m[39m
 [32mтЬУ[39m __tests__/foundation/feature-flag.test.js[2m > [22mFeatureFlag тАФ cache[2m > [22minvalidate clears cache after tier change[32m 61[2mms[22m[39m
 [32mтЬУ[39m __tests__/foundation/timezone.test.js[2m > [22mtimezone тАФ validation[2m > [22mrecognises valid IANA zones[32m 41[2mms[22m[39m
 [32mтЬУ[39m __tests__/foundation/timezone.test.js[2m > [22mtimezone тАФ validation[2m > [22mrejects invalid zones[32m 1[2mms[22m[39m
 [32mтЬУ[39m __tests__/foundation/timezone.test.js[2m > [22mtimezone тАФ localToUtc / utcToLocal[2m > [22mBaku 10:00 = UTC 06:00 (UTC+4)[32m 4[2mms[22m[39m
 [32mтЬУ[39m __tests__/foundation/timezone.test.js[2m > [22mtimezone тАФ localToUtc / utcToLocal[2m > [22mconverts UTC back to local[32m 1[2mms[22m[39m
 [32mтЬУ[39m __tests__/foundation/timezone.test.js[2m > [22mtimezone тАФ localToUtc / utcToLocal[2m > [22mhandles ISO format with T[32m 2[2mms[22m[39m
 [32mтЬУ[39m __tests__/foundation/timezone.test.js[2m > [22mtimezone тАФ localToUtc / utcToLocal[2m > [22mrejects invalid timezone[32m 2[2mms[22m[39m
 [32mтЬУ[39m __tests__/foundation/timezone.test.js[2m > [22mtimezone тАФ localToUtc / utcToLocal[2m > [22mrejects malformed datetime[32m 1[2mms[22m[39m
 [32mтЬУ[39m __tests__/foundation/timezone.test.js[2m > [22mtimezone тАФ formatting[2m > [22mformats UTC date in clinic timezone[32m 2[2mms[22m[39m
 [32mтЬУ[39m __tests__/foundation/timezone.test.js[2m > [22mtimezone тАФ day boundaries[2m > [22mstartOfDayUtc respects clinic timezone[32m 2[2mms[22m[39m
 [32mтЬУ[39m __tests__/foundation/timezone.test.js[2m > [22mtimezone тАФ day boundaries[2m > [22mendOfDayUtc respects clinic timezone[32m 3[2mms[22m[39m
 [32mтЬУ[39m __tests__/foundation/timezone.test.js[2m > [22mtimezone тАФ date arithmetic[2m > [22maddMinutes adds minutes correctly[32m 1[2mms[22m[39m
 [32mтЬУ[39m __tests__/foundation/timezone.test.js[2m > [22mtimezone тАФ date arithmetic[2m > [22mdiffMinutes computes minute difference[32m 0[2mms[22m[39m
 [32mтЬУ[39m __tests__/foundation/timezone.test.js[2m > [22mtimezone тАФ date arithmetic[2m > [22mdiffMinutes is signed[32m 0[2mms[22m[39m
[23:03:13] [32mINFO[39m: [36mClinic created with owner membership[39m
    [35mservice[39m: "docpats-api"
    [35menv[39m: "test"
    [35mmodule[39m: "clinic-core/service"
    [35mclinicId[39m: "69ff84f190c0c3091e16fa89"
    [35mownerId[39m: "69ff84f190c0c3091e16fa6b"
    [35mslug[39m: "test-clinic"
[23:03:13] [34mDEBUG[39m: [36mEvent emitted with no listeners[39m
    [35mservice[39m: "docpats-api"
    [35menv[39m: "test"
    [35mmodule[39m: "eventBus"
    [35mevent[39m: "clinic.created"
[23:03:13] [32mINFO[39m: [36mClinic created with owner membership[39m
    [35mservice[39m: "docpats-api"
    [35menv[39m: "test"
    [35mmodule[39m: "clinic-core/service"
    [35mclinicId[39m: "69ff84f190c0c3091e16fa92"
    [35mownerId[39m: "69ff84f190c0c3091e16fa90"
    [35mslug[39m: "best-clinic-baku"
[23:03:13] [34mDEBUG[39m: [36mEvent emitted with no listeners[39m
    [35mservice[39m: "docpats-api"
    [35menv[39m: "test"
    [35mmodule[39m: "eventBus"
    [35mevent[39m: "clinic.created"
[23:03:13] [32mINFO[39m: [36mClinic created with owner membership[39m
    [35mservice[39m: "docpats-api"
    [35menv[39m: "test"
    [35mmodule[39m: "clinic-core/service"
    [35mclinicId[39m: "69ff84f190c0c3091e16fa9b"
    [35mownerId[39m: "69ff84f190c0c3091e16fa99"
    [35mslug[39m: "custom-slug"
[23:03:13] [34mDEBUG[39m: [36mEvent emitted with no listeners[39m
    [35mservice[39m: "docpats-api"
    [35menv[39m: "test"
    [35mmodule[39m: "eventBus"
    [35mevent[39m: "clinic.created"
[23:03:13] [32mINFO[39m: [36mClinic created with owner membership[39m
    [35mservice[39m: "docpats-api"
    [35menv[39m: "test"
    [35mmodule[39m: "clinic-core/service"
    [35mclinicId[39m: "69ff84f190c0c3091e16faa3"
    [35mownerId[39m: "69ff84f190c0c3091e16faa1"
    [35mslug[39m: "first"
[23:03:13] [34mDEBUG[39m: [36mEvent emitted with no listeners[39m
    [35mservice[39m: "docpats-api"
    [35menv[39m: "test"
    [35mmodule[39m: "eventBus"
    [35mevent[39m: "clinic.created"
[23:03:13] [32mINFO[39m: [36mClinic created with owner membership[39m
    [35mservice[39m: "docpats-api"
    [35menv[39m: "test"
    [35mmodule[39m: "clinic-core/service"
    [35mclinicId[39m: "69ff84f190c0c3091e16faaf"
    [35mownerId[39m: "69ff84f190c0c3091e16faad"
    [35mslug[39m: "clinic-a"
[23:03:13] [34mDEBUG[39m: [36mEvent emitted with no listeners[39m
    [35mservice[39m: "docpats-api"
    [35menv[39m: "test"
    [35mmodule[39m: "eventBus"
    [35mevent[39m: "clinic.created"
 [32mтЬУ[39m __tests__/clinic-core/clinic-create.test.js[2m > [22mclinic-core service тАФ createClinic[2m > [22mcreates clinic with owner membership[32m 222[2mms[22m[39m
 [32mтЬУ[39m __tests__/clinic-core/clinic-create.test.js[2m > [22mclinic-core service тАФ createClinic[2m > [22mauto-generates slug from name[32m 23[2mms[22m[39m
 [32mтЬУ[39m __tests__/clinic-core/clinic-create.test.js[2m > [22mclinic-core service тАФ createClinic[2m > [22muses provided slug if given[32m 22[2mms[22m[39m
 [32mтЬУ[39m __tests__/clinic-core/clinic-create.test.js[2m > [22mclinic-core service тАФ createClinic[2m > [22mrejects duplicate slug[32m 30[2mms[22m[39m
 [32mтЬУ[39m __tests__/clinic-core/clinic-create.test.js[2m > [22mclinic-core service тАФ createClinic[2m > [22mrejects creation without ownerId[32m 5[2mms[22m[39m
[23:03:13] [32mINFO[39m: [36mClinic created with owner membership[39m
    [35mservice[39m: "docpats-api"
    [35menv[39m: "test"
    [35mmodule[39m: "clinic-core/service"
    [35mclinicId[39m: "69ff84f190c0c3091e16fab4"
    [35mownerId[39m: "69ff84f190c0c3091e16faad"
    [35mslug[39m: "clinic-b"
[23:03:13] [34mDEBUG[39m: [36mEvent emitted with no listeners[39m
    [35mservice[39m: "docpats-api"
    [35menv[39m: "test"
    [35mmodule[39m: "eventBus"
    [35mevent[39m: "clinic.created"
[23:03:13] [32mINFO[39m: [36mClinic created with owner membership[39m
    [35mservice[39m: "docpats-api"
    [35menv[39m: "test"
    [35mmodule[39m: "clinic-core/service"
    [35mclinicId[39m: "69ff84f190c0c3091e16fabd"
    [35mownerId[39m: "69ff84f190c0c3091e16fabb"
    [35mslug[39m: "best-clinic"
[23:03:13] [34mDEBUG[39m: [36mEvent emitted with no listeners[39m
    [35mservice[39m: "docpats-api"
    [35menv[39m: "test"
    [35mmodule[39m: "eventBus"
    [35mevent[39m: "clinic.created"
 [32mтЬУ[39m __tests__/clinic-core/clinic-create.test.js[2m > [22mclinic-core service тАФ createClinic[2m > [22mcreates two clinics for same owner[32m 39[2mms[22m[39m
 [32mтЬУ[39m __tests__/clinic-core/clinic-create.test.js[2m > [22mclinic-core service тАФ getClinicBySlug[2m > [22mreturns clinic by slug[32m 28[2mms[22m[39m
 [32mтЬУ[39m __tests__/clinic-core/clinic-create.test.js[2m > [22mclinic-core service тАФ getClinicBySlug[2m > [22mthrows NotFoundError for unknown slug[32m 7[2mms[22m[39m
[23:03:17] [33mWARN[39m: [36m[handled] Unauthorized[39m
    [35mservice[39m: "docpats-api"
    [35menv[39m: "test"
    [35mmethod[39m: "POST"
    [35murl[39m: "/api/v1/clinic/clinics"
    [35mstatus[39m: 401
    [35mcode[39m: "UNAUTHORIZED"
    [35muserId[39m: null
    [35mclinicId[39m: null
 [32mтЬУ[39m __tests__/clinic-core/clinic-endpoints.test.js[2m > [22mPOST /api/v1/clinic/clinics[2m > [22mrejects unauthenticated requests[32m 146[2mms[22m[39m
[23:03:17] [32mINFO[39m: [36mClinic created with owner membership[39m
    [35mservice[39m: "docpats-api"
    [35menv[39m: "test"
    [35mmodule[39m: "clinic-core/service"
    [35mclinicId[39m: "69ff84f53b9950e0bf9498e5"
    [35mownerId[39m: "69ff84f53b9950e0bf9498c7"
    [35mslug[39m: "best-clinic-baku"
[23:03:17] [34mDEBUG[39m: [36mEvent emitted with no listeners[39m
    [35mservice[39m: "docpats-api"
    [35menv[39m: "test"
    [35mmodule[39m: "eventBus"
    [35mevent[39m: "clinic.created"
[23:03:17] [33mWARN[39m: [36m[handled] Invalid clinic data[39m
    [35mservice[39m: "docpats-api"
    [35menv[39m: "test"
    [35mmethod[39m: "POST"
    [35murl[39m: "/api/v1/clinic/clinics"
    [35mstatus[39m: 400
    [35mcode[39m: "VALIDATION_ERROR"
    [35muserId[39m: "69ff84f53b9950e0bf9498f1"
    [35mclinicId[39m: null
[23:03:17] [32mINFO[39m: [36mClinic created with owner membership[39m
    [35mservice[39m: "docpats-api"
    [35menv[39m: "test"
    [35mmodule[39m: "clinic-core/service"
    [35mclinicId[39m: "69ff84f53b9950e0bf9498fc"
    [35mownerId[39m: "69ff84f53b9950e0bf9498f9"
    [35mslug[39m: "shared"
[23:03:17] [34mDEBUG[39m: [36mEvent emitted with no listeners[39m
    [35mservice[39m: "docpats-api"
    [35menv[39m: "test"
    [35mmodule[39m: "eventBus"
    [35mevent[39m: "clinic.created"
[23:03:17] [33mWARN[39m: [36m[handled] Clinic with slug "shared" already exists[39m
    [35mservice[39m: "docpats-api"
    [35menv[39m: "test"
    [35mmethod[39m: "POST"
    [35murl[39m: "/api/v1/clinic/clinics"
    [35mstatus[39m: 409
    [35mcode[39m: "CONFLICT"
    [35muserId[39m: "69ff84f53b9950e0bf9498f9"
    [35mclinicId[39m: "69ff84f53b9950e0bf9498fc"
 [32mтЬУ[39m __tests__/clinic-core/clinic-endpoints.test.js[2m > [22mPOST /api/v1/clinic/clinics[2m > [22mcreates clinic for authenticated user[32m 149[2mms[22m[39m
 [32mтЬУ[39m __tests__/clinic-core/clinic-endpoints.test.js[2m > [22mPOST /api/v1/clinic/clinics[2m > [22mrejects invalid input (no name)[32m 25[2mms[22m[39m
[23:03:17] [32mINFO[39m: [36mClinic created with owner membership[39m
    [35mservice[39m: "docpats-api"
    [35menv[39m: "test"
    [35mmodule[39m: "clinic-core/service"
    [35mclinicId[39m: "69ff84f53b9950e0bf949918"
    [35mownerId[39m: "69ff84f53b9950e0bf949916"
    [35mslug[39m: "my-clinic"
[23:03:17] [34mDEBUG[39m: [36mEvent emitted with no listeners[39m
    [35mservice[39m: "docpats-api"
    [35menv[39m: "test"
    [35mmodule[39m: "eventBus"
    [35mevent[39m: "clinic.created"
 [32mтЬУ[39m __tests__/clinic-core/clinic-endpoints.test.js[2m > [22mPOST /api/v1/clinic/clinics[2m > [22mrejects duplicate slug with 409[32m 57[2mms[22m[39m
 [32mтЬУ[39m __tests__/clinic-core/clinic-endpoints.test.js[2m > [22mGET /api/v1/clinic/me[2m > [22mreturns authenticated:false without session[32m 16[2mms[22m[39m
 [32mтЬУ[39m __tests__/clinic-core/clinic-endpoints.test.js[2m > [22mGET /api/v1/clinic/me[2m > [22mreturns hasClinic:false for user without membership[32m 19[2mms[22m[39m
 [32mтЬУ[39m __tests__/clinic-core/clinic-endpoints.test.js[2m > [22mGET /api/v1/clinic/me[2m > [22mreturns full context for owner[32m 50[2mms[22m[39m
[23:03:17] [32mINFO[39m: [36mClinic created with owner membership[39m
    [35mservice[39m: "docpats-api"
    [35menv[39m: "test"
    [35mmodule[39m: "clinic-core/service"
    [35mclinicId[39m: "69ff84f53b9950e0bf94992e"
    [35mownerId[39m: "69ff84f53b9950e0bf94992c"
    [35mslug[39m: "clinic-a"
[23:03:17] [34mDEBUG[39m: [36mEvent emitted with no listeners[39m
    [35mservice[39m: "docpats-api"
    [35menv[39m: "test"
    [35mmodule[39m: "eventBus"
    [35mevent[39m: "clinic.created"
[23:03:17] [32mINFO[39m: [36mClinic created with owner membership[39m
    [35mservice[39m: "docpats-api"
    [35menv[39m: "test"
    [35mmodule[39m: "clinic-core/service"
    [35mclinicId[39m: "69ff84f53b9950e0bf949933"
    [35mownerId[39m: "69ff84f53b9950e0bf94992c"
    [35mslug[39m: "clinic-b"
[23:03:17] [34mDEBUG[39m: [36mEvent emitted with no listeners[39m
    [35mservice[39m: "docpats-api"
    [35menv[39m: "test"
    [35mmodule[39m: "eventBus"
    [35mevent[39m: "clinic.created"
[23:03:17] [32mINFO[39m: [36mClinic created with owner membership[39m
    [35mservice[39m: "docpats-api"
    [35menv[39m: "test"
    [35mmodule[39m: "clinic-core/service"
    [35mclinicId[39m: "69ff84f53b9950e0bf949942"
    [35mownerId[39m: "69ff84f53b9950e0bf949940"
    [35mslug[39m: "original"
[23:03:17] [34mDEBUG[39m: [36mEvent emitted with no listeners[39m
    [35mservice[39m: "docpats-api"
    [35menv[39m: "test"
    [35mmodule[39m: "eventBus"
    [35mevent[39m: "clinic.created"
 [32mтЬУ[39m __tests__/clinic-core/clinic-endpoints.test.js[2m > [22mGET /api/v1/clinic/me/memberships[2m > [22mreturns 401 without auth[32m 17[2mms[22m[39m
 [32mтЬУ[39m __tests__/clinic-core/clinic-endpoints.test.js[2m > [22mGET /api/v1/clinic/me/memberships[2m > [22mlists all clinics user belongs to[32m 80[2mms[22m[39m
[23:03:17] [32mINFO[39m: [36mClinic updated[39m
    [35mservice[39m: "docpats-api"
    [35menv[39m: "test"
    [35mmodule[39m: "clinic-core/service"
    [35mclinicId[39m: "69ff84f53b9950e0bf949942"
    [35mupdates[39m: [
      "name",
      "contacts"
    ]
[23:03:17] [34mDEBUG[39m: [36mEvent emitted with no listeners[39m
    [35mservice[39m: "docpats-api"
    [35menv[39m: "test"
    [35mmodule[39m: "eventBus"
    [35mevent[39m: "clinic.updated"
[23:03:17] [32mINFO[39m: [36mClinic created with owner membership[39m
    [35mservice[39m: "docpats-api"
    [35menv[39m: "test"
    [35mmodule[39m: "clinic-core/service"
    [35mclinicId[39m: "69ff84f53b9950e0bf949951"
    [35mownerId[39m: "69ff84f53b9950e0bf94994e"
    [35mslug[39m: "a"
[23:03:17] [34mDEBUG[39m: [36mEvent emitted with no listeners[39m
    [35mservice[39m: "docpats-api"
    [35menv[39m: "test"
    [35mmodule[39m: "eventBus"
    [35mevent[39m: "clinic.created"
[23:03:17] [32mINFO[39m: [36mClinic created with owner membership[39m
    [35mservice[39m: "docpats-api"
    [35menv[39m: "test"
    [35mmodule[39m: "clinic-core/service"
    [35mclinicId[39m: "69ff84f53b9950e0bf949956"
    [35mownerId[39m: "69ff84f53b9950e0bf94994f"
    [35mslug[39m: "b"
[23:03:17] [34mDEBUG[39m: [36mEvent emitted with no listeners[39m
    [35mservice[39m: "docpats-api"
    [35menv[39m: "test"
    [35mmodule[39m: "eventBus"
    [35mevent[39m: "clinic.created"
[23:03:17] [33mWARN[39m: [36m[handled] Cannot update another clinic[39m
    [35mservice[39m: "docpats-api"
    [35menv[39m: "test"
    [35mmethod[39m: "PATCH"
    [35murl[39m: "/api/v1/clinic/clinics/69ff84f53b9950e0bf949951"
    [35mstatus[39m: 403
    [35mcode[39m: "FORBIDDEN"
    [35muserId[39m: "69ff84f53b9950e0bf94994f"
    [35mclinicId[39m: "69ff84f53b9950e0bf949956"
[23:03:18] [32mINFO[39m: [36mClinic created with owner membership[39m
    [35mservice[39m: "docpats-api"
    [35menv[39m: "test"
    [35mmodule[39m: "clinic-core/service"
    [35mclinicId[39m: "69ff84f63b9950e0bf949964"
    [35mownerId[39m: "69ff84f63b9950e0bf949962"
    [35mslug[39m: "test"
[23:03:18] [34mDEBUG[39m: [36mEvent emitted with no listeners[39m
    [35mservice[39m: "docpats-api"
    [35menv[39m: "test"
    [35mmodule[39m: "eventBus"
    [35mevent[39m: "clinic.created"
[23:03:18] [33mWARN[39m: [36m[handled] Cannot update another clinic[39m
    [35mservice[39m: "docpats-api"
    [35menv[39m: "test"
    [35mmethod[39m: "PATCH"
    [35murl[39m: "/api/v1/clinic/clinics/69ff84f63b9950e0bf949964"
    [35mstatus[39m: 403
    [35mcode[39m: "FORBIDDEN"
    [35muserId[39m: null
    [35mclinicId[39m: null
 [32mтЬУ[39m __tests__/clinic-core/clinic-endpoints.test.js[2m > [22mPATCH /api/v1/clinic/clinics/:id[2m > [22mowner can update own clinic[32m 64[2mms[22m[39m
 [32mтЬУ[39m __tests__/clinic-core/clinic-endpoints.test.js[2m > [22mPATCH /api/v1/clinic/clinics/:id[2m > [22mrejects update of foreign clinic (cross-tenant)[32m 58[2mms[22m[39m
[23:03:18] [32mINFO[39m: [36mClinic created with owner membership[39m
    [35mservice[39m: "docpats-api"
    [35menv[39m: "test"
    [35mmodule[39m: "clinic-core/service"
    [35mclinicId[39m: "69ff84f63b9950e0bf949970"
    [35mownerId[39m: "69ff84f63b9950e0bf94996e"
    [35mslug[39m: "test"
[23:03:18] [34mDEBUG[39m: [36mEvent emitted with no listeners[39m
    [35mservice[39m: "docpats-api"
    [35menv[39m: "test"
    [35mmodule[39m: "eventBus"
    [35mevent[39m: "clinic.created"
[23:03:18] [32mINFO[39m: [36mClinic updated[39m
    [35mservice[39m: "docpats-api"
    [35menv[39m: "test"
    [35mmodule[39m: "clinic-core/service"
    [35mclinicId[39m: "69ff84f63b9950e0bf949970"
    [35mupdates[39m: [
      "name"
    ]
[23:03:18] [34mDEBUG[39m: [36mEvent emitted with no listeners[39m
    [35mservice[39m: "docpats-api"
    [35menv[39m: "test"
    [35mmodule[39m: "eventBus"
    [35mevent[39m: "clinic.updated"
[23:03:18] [32mINFO[39m: [36mClinic created with owner membership[39m
    [35mservice[39m: "docpats-api"
    [35menv[39m: "test"
    [35mmodule[39m: "clinic-core/service"
    [35mclinicId[39m: "69ff84f63b9950e0bf94997f"
    [35mownerId[39m: "69ff84f63b9950e0bf94997d"
    [35mslug[39m: "public-clinic"
[23:03:18] [34mDEBUG[39m: [36mEvent emitted with no listeners[39m
    [35mservice[39m: "docpats-api"
    [35menv[39m: "test"
    [35mmodule[39m: "eventBus"
    [35mevent[39m: "clinic.created"
 [32mтЬУ[39m __tests__/clinic-core/clinic-endpoints.test.js[2m > [22mPATCH /api/v1/clinic/clinics/:id[2m > [22mrejects update without authentication[32m 34[2mms[22m[39m
 [32mтЬУ[39m __tests__/clinic-core/clinic-endpoints.test.js[2m > [22mPATCH /api/v1/clinic/clinics/:id[2m > [22mignores forbidden fields like ownerId and tier[32m 44[2mms[22m[39m
 [32mтЬУ[39m __tests__/clinic-core/clinic-endpoints.test.js[2m > [22mGET /api/v1/clinic/public/:slug[2m > [22mreturns public profile without auth[32m 37[2mms[22m[39m
[23:03:18] [33mWARN[39m: [36m[handled] Clinic not found[39m
    [35mservice[39m: "docpats-api"
    [35menv[39m: "test"
    [35mmethod[39m: "GET"
    [35murl[39m: "/api/v1/clinic/public/nonexistent"
    [35mstatus[39m: 404
    [35mcode[39m: "NOT_FOUND"
    [35muserId[39m: null
    [35mclinicId[39m: null
 [32mтЬУ[39m __tests__/clinic-core/clinic-endpoints.test.js[2m > [22mGET /api/v1/clinic/public/:slug[2m > [22mreturns 404 for unknown slug[32m 19[2mms[22m[39m
[23:03:21] [33mWARN[39m: [36m[handled] Authentication and clinic context required[39m
    [35mservice[39m: "docpats-api"
    [35menv[39m: "test"
    [35mmethod[39m: "GET"
    [35murl[39m: "/api/v1/clinic/staff"
    [35mstatus[39m: 401
    [35mcode[39m: "UNAUTHORIZED"
    [35muserId[39m: null
    [35mclinicId[39m: null
 [32mтЬУ[39m __tests__/clinic-staff/staff-endpoints.test.js[2m > [22mGET /api/v1/clinic/staff[2m > [22mreturns 401 without authentication[32m 141[2mms[22m[39m
[23:03:22] [32mINFO[39m: [36mClinic created with owner membership[39m
    [35mservice[39m: "docpats-api"
    [35menv[39m: "test"
    [35mmodule[39m: "clinic-core/service"
    [35mclinicId[39m: "69ff84fa44cbccea33d1d7cc"
    [35mownerId[39m: "69ff84fa44cbccea33d1d7ab"
    [35mslug[39m: "test-clinic-1"
[23:03:22] [34mDEBUG[39m: [36mEvent emitted with no listeners[39m
    [35mservice[39m: "docpats-api"
    [35menv[39m: "test"
    [35mmodule[39m: "eventBus"
    [35mevent[39m: "clinic.created"
[23:03:22] [32mINFO[39m: [36mClinic created with owner membership[39m
    [35mservice[39m: "docpats-api"
    [35menv[39m: "test"
    [35mmodule[39m: "clinic-core/service"
    [35mclinicId[39m: "69ff84fa44cbccea33d1d7df"
    [35mownerId[39m: "69ff84fa44cbccea33d1d7dd"
    [35mslug[39m: "test-clinic-2"
[23:03:22] [34mDEBUG[39m: [36mEvent emitted with no listeners[39m
    [35mservice[39m: "docpats-api"
    [35menv[39m: "test"
    [35mmodule[39m: "eventBus"
    [35mevent[39m: "clinic.created"
[23:03:22] [32mINFO[39m: [36mClinic created with owner membership[39m
    [35mservice[39m: "docpats-api"
    [35menv[39m: "test"
    [35mmodule[39m: "clinic-core/service"
    [35mclinicId[39m: "69ff84fa44cbccea33d1d7e5"
    [35mownerId[39m: "69ff84fa44cbccea33d1d7e3"
    [35mslug[39m: "test-clinic-3"
[23:03:22] [34mDEBUG[39m: [36mEvent emitted with no listeners[39m
    [35mservice[39m: "docpats-api"
    [35menv[39m: "test"
    [35mmodule[39m: "eventBus"
    [35mevent[39m: "clinic.created"
 [32mтЬУ[39m __tests__/clinic-staff/staff-endpoints.test.js[2m > [22mGET /api/v1/clinic/staff[2m > [22mowner sees all members of own clinic[32m 179[2mms[22m[39m
[23:03:22] [32mINFO[39m: [36mClinic created with owner membership[39m
    [35mservice[39m: "docpats-api"
    [35menv[39m: "test"
    [35mmodule[39m: "clinic-core/service"
    [35mclinicId[39m: "69ff84fa44cbccea33d1d7f6"
    [35mownerId[39m: "69ff84fa44cbccea33d1d7f4"
    [35mslug[39m: "test-clinic-4"
[23:03:22] [34mDEBUG[39m: [36mEvent emitted with no listeners[39m
    [35mservice[39m: "docpats-api"
    [35menv[39m: "test"
    [35mmodule[39m: "eventBus"
    [35mevent[39m: "clinic.created"
[23:03:22] [32mINFO[39m: [36mStaff member added[39m
    [35mservice[39m: "docpats-api"
    [35menv[39m: "test"
    [35mmodule[39m: "clinic-staff/service"
    [35mmembershipId[39m: "69ff84fa44cbccea33d1d7fd"
    [35muserId[39m: "69ff84fa44cbccea33d1d7fa"
    [35mrole[39m: "doctor"
    [35maddedBy[39m: "69ff84fa44cbccea33d1d7f4"
[23:03:22] [34mDEBUG[39m: [36mEvent emitted with no listeners[39m
    [35mservice[39m: "docpats-api"
    [35menv[39m: "test"
    [35mmodule[39m: "eventBus"
    [35mevent[39m: "staff.joined"
[23:03:22] [32mINFO[39m: [36mClinic created with owner membership[39m
    [35mservice[39m: "docpats-api"
    [35menv[39m: "test"
    [35mmodule[39m: "clinic-core/service"
    [35mclinicId[39m: "69ff84fa44cbccea33d1d807"
    [35mownerId[39m: "69ff84fa44cbccea33d1d805"
    [35mslug[39m: "test-clinic-5"
[23:03:22] [34mDEBUG[39m: [36mEvent emitted with no listeners[39m
    [35mservice[39m: "docpats-api"
    [35menv[39m: "test"
    [35mmodule[39m: "eventBus"
    [35mevent[39m: "clinic.created"
 [32mтЬУ[39m __tests__/clinic-staff/staff-endpoints.test.js[2m > [22mGET /api/v1/clinic/staff[2m > [22mdoes not see members of other clinics (cross-tenant)[32m 71[2mms[22m[39m
 [32mтЬУ[39m __tests__/clinic-staff/staff-endpoints.test.js[2m > [22mPOST /api/v1/clinic/staff[2m > [22mowner can add doctor[32m 71[2mms[22m[39m
[23:03:22] [33mWARN[39m: [36m[handled] Role 'manager' cannot assign role 'admin'[39m
    [35mservice[39m: "docpats-api"
    [35menv[39m: "test"
    [35mmethod[39m: "POST"
    [35murl[39m: "/api/v1/clinic/staff"
    [35mstatus[39m: 403
    [35mcode[39m: "FORBIDDEN"
    [35muserId[39m: "69ff84fa44cbccea33d1d80b"
    [35mclinicId[39m: "69ff84fa44cbccea33d1d807"
[23:03:22] [32mINFO[39m: [36mClinic created with owner membership[39m
    [35mservice[39m: "docpats-api"
    [35menv[39m: "test"
    [35mmodule[39m: "clinic-core/service"
    [35mclinicId[39m: "69ff84fa44cbccea33d1d818"
    [35mownerId[39m: "69ff84fa44cbccea33d1d816"
    [35mslug[39m: "test-clinic-6"
[23:03:22] [34mDEBUG[39m: [36mEvent emitted with no listeners[39m
    [35mservice[39m: "docpats-api"
    [35menv[39m: "test"
    [35mmodule[39m: "eventBus"
    [35mevent[39m: "clinic.created"
[23:03:22] [33mWARN[39m: [36m[handled] User already has an active membership in this clinic[39m
    [35mservice[39m: "docpats-api"
    [35menv[39m: "test"
    [35mmethod[39m: "POST"
    [35murl[39m: "/api/v1/clinic/staff"
    [35mstatus[39m: 409
    [35mcode[39m: "CONFLICT"
    [35muserId[39m: "69ff84fa44cbccea33d1d816"
    [35mclinicId[39m: "69ff84fa44cbccea33d1d818"
[23:03:22] [32mINFO[39m: [36mClinic created with owner membership[39m
    [35mservice[39m: "docpats-api"
    [35menv[39m: "test"
    [35mmodule[39m: "clinic-core/service"
    [35mclinicId[39m: "69ff84fa44cbccea33d1d829"
    [35mownerId[39m: "69ff84fa44cbccea33d1d827"
    [35mslug[39m: "test-clinic-7"
[23:03:22] [34mDEBUG[39m: [36mEvent emitted with no listeners[39m
    [35mservice[39m: "docpats-api"
    [35menv[39m: "test"
    [35mmodule[39m: "eventBus"
    [35mevent[39m: "clinic.created"
[23:03:22] [33mWARN[39m: [36m[handled] Invalid staff data[39m
    [35mservice[39m: "docpats-api"
    [35menv[39m: "test"
    [35mmethod[39m: "POST"
    [35murl[39m: "/api/v1/clinic/staff"
    [35mstatus[39m: 400
    [35mcode[39m: "VALIDATION_ERROR"
    [35muserId[39m: "69ff84fa44cbccea33d1d827"
    [35mclinicId[39m: "69ff84fa44cbccea33d1d829"
 [32mтЬУ[39m __tests__/clinic-staff/staff-endpoints.test.js[2m > [22mPOST /api/v1/clinic/staff[2m > [22mmanager cannot add admin (privilege escalation)[32m 49[2mms[22m[39m
 [32mтЬУ[39m __tests__/clinic-staff/staff-endpoints.test.js[2m > [22mPOST /api/v1/clinic/staff[2m > [22mrejects 409 if user already an active member[32m 53[2mms[22m[39m
[23:03:22] [32mINFO[39m: [36mClinic created with owner membership[39m
    [35mservice[39m: "docpats-api"
    [35menv[39m: "test"
    [35mmodule[39m: "clinic-core/service"
    [35mclinicId[39m: "69ff84fa44cbccea33d1d837"
    [35mownerId[39m: "69ff84fa44cbccea33d1d835"
    [35mslug[39m: "test-clinic-8"
[23:03:22] [34mDEBUG[39m: [36mEvent emitted with no listeners[39m
    [35mservice[39m: "docpats-api"
    [35menv[39m: "test"
    [35mmodule[39m: "eventBus"
    [35mevent[39m: "clinic.created"
[23:03:22] [33mWARN[39m: [36m[handled] staff.write permission required[39m
    [35mservice[39m: "docpats-api"
    [35menv[39m: "test"
    [35mmethod[39m: "POST"
    [35murl[39m: "/api/v1/clinic/staff"
    [35mstatus[39m: 403
    [35mcode[39m: "FORBIDDEN"
    [35muserId[39m: "69ff84fa44cbccea33d1d83b"
    [35mclinicId[39m: "69ff84fa44cbccea33d1d837"
[23:03:22] [32mINFO[39m: [36mClinic created with owner membership[39m
    [35mservice[39m: "docpats-api"
    [35menv[39m: "test"
    [35mmodule[39m: "clinic-core/service"
    [35mclinicId[39m: "69ff84fa44cbccea33d1d848"
    [35mownerId[39m: "69ff84fa44cbccea33d1d846"
    [35mslug[39m: "test-clinic-9"
[23:03:22] [34mDEBUG[39m: [36mEvent emitted with no listeners[39m
    [35mservice[39m: "docpats-api"
    [35menv[39m: "test"
    [35mmodule[39m: "eventBus"
    [35mevent[39m: "clinic.created"
[23:03:22] [32mINFO[39m: [36mStaff role changed[39m
    [35mservice[39m: "docpats-api"
    [35menv[39m: "test"
    [35mmodule[39m: "clinic-staff/service"
    [35mmembershipId[39m: "69ff84fa44cbccea33d1d84d"
    [35moldRole[39m: "doctor"
    [35mnewRole[39m: "manager"
    [35mchangedBy[39m: "69ff84fa44cbccea33d1d846"
[23:03:22] [34mDEBUG[39m: [36mEvent emitted with no listeners[39m
    [35mservice[39m: "docpats-api"
    [35menv[39m: "test"
    [35mmodule[39m: "eventBus"
    [35mevent[39m: "staff.role_changed"
 [32mтЬУ[39m __tests__/clinic-staff/staff-endpoints.test.js[2m > [22mPOST /api/v1/clinic/staff[2m > [22mrejects invalid input (bad role)[32m 40[2mms[22m[39m
 [32mтЬУ[39m __tests__/clinic-staff/staff-endpoints.test.js[2m > [22mPOST /api/v1/clinic/staff[2m > [22mdoctor cannot add staff (no permission)[32m 44[2mms[22m[39m
[23:03:22] [32mINFO[39m: [36mClinic created with owner membership[39m
    [35mservice[39m: "docpats-api"
    [35menv[39m: "test"
    [35mmodule[39m: "clinic-core/service"
    [35mclinicId[39m: "69ff84fa44cbccea33d1d85a"
    [35mownerId[39m: "69ff84fa44cbccea33d1d858"
    [35mslug[39m: "test-clinic-10"
[23:03:22] [34mDEBUG[39m: [36mEvent emitted with no listeners[39m
    [35mservice[39m: "docpats-api"
    [35menv[39m: "test"
    [35mmodule[39m: "eventBus"
    [35mevent[39m: "clinic.created"
[23:03:22] [33mWARN[39m: [36m[handled] Role 'manager' cannot assign role 'admin'[39m
    [35mservice[39m: "docpats-api"
    [35menv[39m: "test"
    [35mmethod[39m: "PATCH"
    [35murl[39m: "/api/v1/clinic/staff/69ff84fa44cbccea33d1d862/role"
    [35mstatus[39m: 403
    [35mcode[39m: "FORBIDDEN"
    [35muserId[39m: "69ff84fa44cbccea33d1d85e"
    [35mclinicId[39m: "69ff84fa44cbccea33d1d85a"
[23:03:22] [32mINFO[39m: [36mClinic created with owner membership[39m
    [35mservice[39m: "docpats-api"
    [35menv[39m: "test"
    [35mmodule[39m: "clinic-core/service"
    [35mclinicId[39m: "69ff84fa44cbccea33d1d86e"
    [35mownerId[39m: "69ff84fa44cbccea33d1d86c"
    [35mslug[39m: "test-clinic-11"
[23:03:22] [34mDEBUG[39m: [36mEvent emitted with no listeners[39m
    [35mservice[39m: "docpats-api"
    [35menv[39m: "test"
    [35mmodule[39m: "eventBus"
    [35mevent[39m: "clinic.created"
[23:03:22] [33mWARN[39m: [36m[handled] Role 'owner' cannot modify members with role 'owner'[39m
    [35mservice[39m: "docpats-api"
    [35menv[39m: "test"
    [35mmethod[39m: "PATCH"
    [35murl[39m: "/api/v1/clinic/staff/69ff84fa44cbccea33d1d870/role"
    [35mstatus[39m: 403
    [35mcode[39m: "FORBIDDEN"
    [35muserId[39m: "69ff84fa44cbccea33d1d86c"
    [35mclinicId[39m: "69ff84fa44cbccea33d1d86e"
 [32mтЬУ[39m __tests__/clinic-staff/staff-endpoints.test.js[2m > [22mPATCH /api/v1/clinic/staff/:id/role[2m > [22mowner can promote doctor тЖТ manager[32m 55[2mms[22m[39m
 [32mтЬУ[39m __tests__/clinic-staff/staff-endpoints.test.js[2m > [22mPATCH /api/v1/clinic/staff/:id/role[2m > [22mmanager cannot promote doctor тЖТ admin (privilege escalation)[32m 52[2mms[22m[39m
 [32mтЬУ[39m __tests__/clinic-staff/staff-endpoints.test.js[2m > [22mPATCH /api/v1/clinic/staff/:id/role[2m > [22mcannot demote the last owner[32m 39[2mms[22m[39m
[23:03:22] [32mINFO[39m: [36mClinic created with owner membership[39m
    [35mservice[39m: "docpats-api"
    [35menv[39m: "test"
    [35mmodule[39m: "clinic-core/service"
    [35mclinicId[39m: "69ff84fa44cbccea33d1d87c"
    [35mownerId[39m: "69ff84fa44cbccea33d1d87a"
    [35mslug[39m: "test-clinic-12"
[23:03:22] [34mDEBUG[39m: [36mEvent emitted with no listeners[39m
    [35mservice[39m: "docpats-api"
    [35menv[39m: "test"
    [35mmodule[39m: "eventBus"
    [35mevent[39m: "clinic.created"
[23:03:22] [32mINFO[39m: [36mStaff member removed (soft)[39m
    [35mservice[39m: "docpats-api"
    [35menv[39m: "test"
    [35mmodule[39m: "clinic-staff/service"
    [35mmembershipId[39m: "69ff84fa44cbccea33d1d881"
    [35muserId[39m: "69ff84fa44cbccea33d1d880"
    [35mremovedBy[39m: "69ff84fa44cbccea33d1d87a"
[23:03:22] [34mDEBUG[39m: [36mEvent emitted with no listeners[39m
    [35mservice[39m: "docpats-api"
    [35menv[39m: "test"
    [35mmodule[39m: "eventBus"
    [35mevent[39m: "staff.left"
[23:03:22] [32mINFO[39m: [36mClinic created with owner membership[39m
    [35mservice[39m: "docpats-api"
    [35menv[39m: "test"
    [35mmodule[39m: "clinic-core/service"
    [35mclinicId[39m: "69ff84fa44cbccea33d1d890"
    [35mownerId[39m: "69ff84fa44cbccea33d1d88e"
    [35mslug[39m: "test-clinic-13"
[23:03:22] [34mDEBUG[39m: [36mEvent emitted with no listeners[39m
    [35mservice[39m: "docpats-api"
    [35menv[39m: "test"
    [35mmodule[39m: "eventBus"
    [35mevent[39m: "clinic.created"
[23:03:22] [33mWARN[39m: [36m[handled] Cannot remove yourself via staff endpoint. Contact another admin.[39m
    [35mservice[39m: "docpats-api"
    [35menv[39m: "test"
    [35mmethod[39m: "DELETE"
    [35murl[39m: "/api/v1/clinic/staff/69ff84fa44cbccea33d1d892"
    [35mstatus[39m: 422
    [35mcode[39m: "UNPROCESSABLE"
    [35muserId[39m: "69ff84fa44cbccea33d1d88e"
    [35mclinicId[39m: "69ff84fa44cbccea33d1d890"
[23:03:22] [32mINFO[39m: [36mClinic created with owner membership[39m
    [35mservice[39m: "docpats-api"
    [35menv[39m: "test"
    [35mmodule[39m: "clinic-core/service"
    [35mclinicId[39m: "69ff84fa44cbccea33d1d89e"
    [35mownerId[39m: "69ff84fa44cbccea33d1d89c"
    [35mslug[39m: "test-clinic-14"
[23:03:22] [34mDEBUG[39m: [36mEvent emitted with no listeners[39m
    [35mservice[39m: "docpats-api"
    [35menv[39m: "test"
    [35mmodule[39m: "eventBus"
    [35mevent[39m: "clinic.created"
[23:03:22] [33mWARN[39m: [36m[handled] staff.delete permission required[39m
    [35mservice[39m: "docpats-api"
    [35menv[39m: "test"
    [35mmethod[39m: "DELETE"
    [35murl[39m: "/api/v1/clinic/staff/69ff84fa44cbccea33d1d8a6"
    [35mstatus[39m: 403
    [35mcode[39m: "FORBIDDEN"
    [35muserId[39m: "69ff84fa44cbccea33d1d8a2"
    [35mclinicId[39m: "69ff84fa44cbccea33d1d89e"
 [32mтЬУ[39m __tests__/clinic-staff/staff-endpoints.test.js[2m > [22mDELETE /api/v1/clinic/staff/:id[2m > [22mowner can remove doctor (soft delete)[32m 64[2mms[22m[39m
 [32mтЬУ[39m __tests__/clinic-staff/staff-endpoints.test.js[2m > [22mDELETE /api/v1/clinic/staff/:id[2m > [22mcannot remove yourself[32m 39[2mms[22m[39m
[23:03:22] [32mINFO[39m: [36mClinic created with owner membership[39m
    [35mservice[39m: "docpats-api"
    [35menv[39m: "test"
    [35mmodule[39m: "clinic-core/service"
    [35mclinicId[39m: "69ff84fa44cbccea33d1d8b1"
    [35mownerId[39m: "69ff84fa44cbccea33d1d8af"
    [35mslug[39m: "test-clinic-15"
[23:03:22] [34mDEBUG[39m: [36mEvent emitted with no listeners[39m
    [35mservice[39m: "docpats-api"
    [35menv[39m: "test"
    [35mmodule[39m: "eventBus"
    [35mevent[39m: "clinic.created"
[23:03:22] [32mINFO[39m: [36mClinic created with owner membership[39m
    [35mservice[39m: "docpats-api"
    [35menv[39m: "test"
    [35mmodule[39m: "clinic-core/service"
    [35mclinicId[39m: "69ff84fa44cbccea33d1d8b7"
    [35mownerId[39m: "69ff84fa44cbccea33d1d8b5"
    [35mslug[39m: "test-clinic-16"
[23:03:22] [34mDEBUG[39m: [36mEvent emitted with no listeners[39m
    [35mservice[39m: "docpats-api"
    [35menv[39m: "test"
    [35mmodule[39m: "eventBus"
    [35mevent[39m: "clinic.created"
[23:03:22] [33mWARN[39m: [36m[handled] Staff member not found[39m
    [35mservice[39m: "docpats-api"
    [35menv[39m: "test"
    [35mmethod[39m: "DELETE"
    [35murl[39m: "/api/v1/clinic/staff/69ff84fa44cbccea33d1d8bc"
    [35mstatus[39m: 404
    [35mcode[39m: "NOT_FOUND"
    [35muserId[39m: "69ff84fa44cbccea33d1d8af"
    [35mclinicId[39m: "69ff84fa44cbccea33d1d8b1"
 [32mтЬУ[39m __tests__/clinic-staff/staff-endpoints.test.js[2m > [22mDELETE /api/v1/clinic/staff/:id[2m > [22mmanager cannot remove admin (privilege escalation)[32m 48[2mms[22m[39m
 [32mтЬУ[39m __tests__/clinic-staff/staff-endpoints.test.js[2m > [22mDELETE /api/v1/clinic/staff/:id[2m > [22mcannot remove staff from another clinic[32m 57[2mms[22m[39m
 [32mтЬУ[39m __tests__/foundation/tenant-context.test.js[2m > [22mtenantContext тАФ outside context[2m > [22mhasActiveContext = false outside[32m 4[2mms[22m[39m
 [32mтЬУ[39m __tests__/foundation/tenant-context.test.js[2m > [22mtenantContext тАФ outside context[2m > [22mall getters return null/empty outside[32m 2[2mms[22m[39m
 [32mтЬУ[39m __tests__/foundation/tenant-context.test.js[2m > [22mtenantContext тАФ outside context[2m > [22mupdateTenantContext throws outside[32m 2[2mms[22m[39m
 [32mтЬУ[39m __tests__/foundation/tenant-context.test.js[2m > [22mtenantContext тАФ inside context[2m > [22mgetters return values inside sync callback[32m 3[2mms[22m[39m
 [32mтЬУ[39m __tests__/foundation/tenant-context.test.js[2m > [22mtenantContext тАФ inside context[2m > [22mcontext propagates through async/await[32m 11[2mms[22m[39m
 [32mтЬУ[39m __tests__/foundation/tenant-context.test.js[2m > [22mtenantContext тАФ inside context[2m > [22mnested contexts override and restore[32m 1[2mms[22m[39m
 [32mтЬУ[39m __tests__/foundation/tenant-context.test.js[2m > [22mtenantContext тАФ parallel isolation (CRITICAL)[2m > [22mparallel async tasks see their own contexts[32m 39[2mms[22m[39m
 [32mтЬУ[39m __tests__/foundation/tenant-context.test.js[2m > [22mtenantContext тАФ parallel isolation (CRITICAL)[2m > [22mthenable return value keeps context alive[32m 15[2mms[22m[39m
 [32mтЬУ[39m __tests__/foundation/tenant-context.test.js[2m > [22mtenantContext тАФ updateTenantContext[2m > [22mupdates fields in current context[32m 1[2mms[22m[39m
 [32mтЬУ[39m __tests__/foundation/money.test.js[2m > [22mMoney тАФ basics[2m > [22mcreates from major amount[32m 5[2mms[22m[39m
 [32mтЬУ[39m __tests__/foundation/money.test.js[2m > [22mMoney тАФ basics[2m > [22mrejects non-integer minor units[32m 2[2mms[22m[39m
 [32mтЬУ[39m __tests__/foundation/money.test.js[2m > [22mMoney тАФ basics[2m > [22mrejects invalid currency[32m 1[2mms[22m[39m
 [32mтЬУ[39m __tests__/foundation/money.test.js[2m > [22mMoney тАФ basics[2m > [22mconverts back to major[32m 1[2mms[22m[39m
 [32mтЬУ[39m __tests__/foundation/money.test.js[2m > [22mMoney тАФ basics[2m > [22mzero factory[32m 1[2mms[22m[39m
 [32mтЬУ[39m __tests__/foundation/money.test.js[2m > [22mMoney тАФ basics[2m > [22mnormalizes currency to uppercase[32m 0[2mms[22m[39m
 [32mтЬУ[39m __tests__/foundation/money.test.js[2m > [22mMoney тАФ arithmetic[2m > [22madds same currency[32m 1[2mms[22m[39m
 [32mтЬУ[39m __tests__/foundation/money.test.js[2m > [22mMoney тАФ arithmetic[2m > [22msubtracts same currency[32m 1[2mms[22m[39m
 [32mтЬУ[39m __tests__/foundation/money.test.js[2m > [22mMoney тАФ arithmetic[2m > [22mrejects currency mismatch on add[32m 1[2mms[22m[39m
 [32mтЬУ[39m __tests__/foundation/money.test.js[2m > [22mMoney тАФ arithmetic[2m > [22mmultiplies by float without rounding loss[32m 1[2mms[22m[39m
 [32mтЬУ[39m __tests__/foundation/money.test.js[2m > [22mMoney тАФ arithmetic[2m > [22misPositive / isNegative[32m 1[2mms[22m[39m
 [32mтЬУ[39m __tests__/foundation/money.test.js[2m > [22mMoney тАФ arithmetic[2m > [22mcompares with greaterThan / lessThan[32m 1[2mms[22m[39m
 [32mтЬУ[39m __tests__/foundation/money.test.js[2m > [22mMoney тАФ allocation[2m > [22m100 AZN distributed by [1,1,1] = 33.34, 33.33, 33.33[32m 2[2mms[22m[39m
 [32mтЬУ[39m __tests__/foundation/money.test.js[2m > [22mMoney тАФ allocation[2m > [22mallocation does not lose minor units[32m 1[2mms[22m[39m
 [32mтЬУ[39m __tests__/foundation/money.test.js[2m > [22mMoney тАФ allocation[2m > [22mallocates by uneven ratios[32m 1[2mms[22m[39m
 [32mтЬУ[39m __tests__/foundation/money.test.js[2m > [22mMoney тАФ allocation[2m > [22mrejects empty ratios[32m 1[2mms[22m[39m
 [32mтЬУ[39m __tests__/foundation/money.test.js[2m > [22mMoney тАФ allocation[2m > [22mrejects all-zero ratios[32m 1[2mms[22m[39m
 [32mтЬУ[39m __tests__/foundation/money.test.js[2m > [22mMoney тАФ allocation[2m > [22mrejects negative ratios[32m 1[2mms[22m[39m
 [32mтЬУ[39m __tests__/foundation/money.test.js[2m > [22mMoney тАФ JSON serialization[2m > [22mtoJSON / fromJSON roundtrip[32m 1[2mms[22m[39m
 [32mтЬУ[39m __tests__/foundation/money.test.js[2m > [22mMoney тАФ JSON serialization[2m > [22mtoString format[32m 0[2mms[22m[39m
 [32mтЬУ[39m __tests__/foundation/money.test.js[2m > [22mMoney тАФ JSON serialization[2m > [22mmoneyToPlain / plainToMoney helpers[32m 1[2mms[22m[39m
 [32mтЬУ[39m __tests__/foundation/money.test.js[2m > [22mMoney тАФ JSON serialization[2m > [22mmoneyToPlain handles null[32m 0[2mms[22m[39m
 [32mтЬУ[39m __tests__/foundation/money.test.js[2m > [22mMoney тАФ schema definition[2m > [22mexports moneySchemaDef for Mongoose[32m 0[2mms[22m[39m
 [32mтЬУ[39m __tests__/foundation/errors.test.js[2m > [22merror classes тАФ base AppError[2m > [22msets default status 500 and code[32m 4[2mms[22m[39m
 [32mтЬУ[39m __tests__/foundation/errors.test.js[2m > [22merror classes тАФ base AppError[2m > [22msets custom status, code, details[32m 2[2mms[22m[39m
 [32mтЬУ[39m __tests__/foundation/errors.test.js[2m > [22merror classes тАФ base AppError[2m > [22mcaptures stack trace[32m 7[2mms[22m[39m
 [32mтЬУ[39m __tests__/foundation/errors.test.js[2m > [22merror classes тАФ specific subclasses[2m > [22mValidationError тЖТ 400 + VALIDATION_ERROR[32m 1[2mms[22m[39m
 [32mтЬУ[39m __tests__/foundation/errors.test.js[2m > [22merror classes тАФ specific subclasses[2m > [22mUnauthorizedError тЖТ 401[32m 1[2mms[22m[39m
 [32mтЬУ[39m __tests__/foundation/errors.test.js[2m > [22merror classes тАФ specific subclasses[2m > [22mForbiddenError тЖТ 403[32m 1[2mms[22m[39m
 [32mтЬУ[39m __tests__/foundation/errors.test.js[2m > [22merror classes тАФ specific subclasses[2m > [22mTenantViolationError тЖТ 403 + TENANT_VIOLATION[32m 1[2mms[22m[39m
 [32mтЬУ[39m __tests__/foundation/errors.test.js[2m > [22merror classes тАФ specific subclasses[2m > [22mNotFoundError тЖТ 404[32m 1[2mms[22m[39m
 [32mтЬУ[39m __tests__/foundation/errors.test.js[2m > [22merror classes тАФ specific subclasses[2m > [22mConflictError тЖТ 409[32m 1[2mms[22m[39m
 [32mтЬУ[39m __tests__/foundation/errors.test.js[2m > [22merror classes тАФ specific subclasses[2m > [22mFeatureNotEnabledError тЖТ 403 + FEATURE_NOT_ENABLED[32m 1[2mms[22m[39m
 [32mтЬУ[39m __tests__/foundation/errors.test.js[2m > [22merror classes тАФ specific subclasses[2m > [22mUnprocessableError тЖТ 422[32m 1[2mms[22m[39m
 [32mтЬУ[39m __tests__/foundation/errors.test.js[2m > [22merror classes тАФ specific subclasses[2m > [22mRateLimitError тЖТ 429[32m 1[2mms[22m[39m
 [32mтЬУ[39m __tests__/foundation/errors.test.js[2m > [22merror classes тАФ specific subclasses[2m > [22mServiceUnavailableError тЖТ 503[32m 1[2mms[22m[39m
 [32mтЬУ[39m __tests__/foundation/errors.test.js[2m > [22mtoErrorResponse[2m > [22mformats AppError correctly[32m 1[2mms[22m[39m
 [32mтЬУ[39m __tests__/foundation/errors.test.js[2m > [22mtoErrorResponse[2m > [22mincludes retryAfter from RateLimitError[32m 1[2mms[22m[39m
 [32mтЬУ[39m __tests__/foundation/errors.test.js[2m > [22mtoErrorResponse[2m > [22mconverts Mongoose ValidationError shape[32m 1[2mms[22m[39m
 [32mтЬУ[39m __tests__/foundation/errors.test.js[2m > [22mtoErrorResponse[2m > [22mconverts Mongoose CastError[32m 0[2mms[22m[39m
 [32mтЬУ[39m __tests__/foundation/errors.test.js[2m > [22mtoErrorResponse[2m > [22mconverts Mongo duplicate key (11000)[32m 0[2mms[22m[39m
 [32mтЬУ[39m __tests__/foundation/errors.test.js[2m > [22mtoErrorResponse[2m > [22mfalls back to generic 500 for unknown errors[32m 0[2mms[22m[39m
[23:03:37] [34mDEBUG[39m: [36mEvent emitted with no listeners[39m
    [35mservice[39m: "docpats-api"
    [35menv[39m: "test"
    [35mmodule[39m: "eventBus"
    [35mevent[39m: "appointment.created"
[23:03:37] [34mDEBUG[39m: [36mEvent emitted[39m
    [35mservice[39m: "docpats-api"
    [35menv[39m: "test"
    [35mmodule[39m: "eventBus"
    [35mevent[39m: "appointment.completed"
    [35mlistenerCount[39m: 1
[23:03:37] [34mDEBUG[39m: [36mEvent emitted[39m
    [35mservice[39m: "docpats-api"
    [35menv[39m: "test"
    [35mmodule[39m: "eventBus"
    [35mevent[39m: "staff.joined"
    [35mlistenerCount[39m: 3
[23:03:37] [34mDEBUG[39m: [36mEvent emitted[39m
    [35mservice[39m: "docpats-api"
    [35menv[39m: "test"
    [35mmodule[39m: "eventBus"
    [35mevent[39m: "payment.received"
    [35mlistenerCount[39m: 1
[23:03:37] [31mERROR[39m: [36mEvent listener failed for payment.received[39m
    [35mservice[39m: "docpats-api"
    [35menv[39m: "test"
    [35mmodule[39m: "eventBus"
    [35mevent[39m: "payment.received"
    [35mpayload[39m: {}
    err: {
      "type": "Error",
      "message": "Listener intentionally fails",
      "stack":
          Error: Listener intentionally fails
              at C:/MAIN/DEVELOPER/MY-PROJECT-NEW-MOCROSERVICE/MY-PROJECT-NEW-MOCROSERVICE-MODUL/server/__tests__/foundation/event-bus.test.js:46:13
              at C:/MAIN/DEVELOPER/MY-PROJECT-NEW-MOCROSERVICE/MY-PROJECT-NEW-MOCROSERVICE-MODUL/server/common/events/eventBus.js:56:21
    }
[23:03:37] [34mDEBUG[39m: [36mEvent emitted[39m
    [35mservice[39m: "docpats-api"
    [35menv[39m: "test"
    [35mmodule[39m: "eventBus"
    [35mevent[39m: "invoice.created"
    [35mlistenerCount[39m: 2
[23:03:37] [31mERROR[39m: [36mEvent listener failed for invoice.created[39m
    [35mservice[39m: "docpats-api"
    [35menv[39m: "test"
    [35mmodule[39m: "eventBus"
    [35mevent[39m: "invoice.created"
    [35mpayload[39m: {}
    err: {
      "type": "Error",
      "message": "first fails",
      "stack":
          Error: first fails
              at C:/MAIN/DEVELOPER/MY-PROJECT-NEW-MOCROSERVICE/MY-PROJECT-NEW-MOCROSERVICE-MODUL/server/__tests__/foundation/event-bus.test.js:54:13
              at C:/MAIN/DEVELOPER/MY-PROJECT-NEW-MOCROSERVICE/MY-PROJECT-NEW-MOCROSERVICE-MODUL/server/common/events/eventBus.js:56:21
    }
 [32mтЬУ[39m __tests__/foundation/event-bus.test.js[2m > [22meventBus тАФ basic emit[2m > [22memit with no listeners does not throw[32m 6[2mms[22m[39m
 [32mтЬУ[39m __tests__/foundation/event-bus.test.js[2m > [22meventBus тАФ basic emit[2m > [22mlistener receives payload[32m 29[2mms[22m[39m
 [32mтЬУ[39m __tests__/foundation/event-bus.test.js[2m > [22meventBus тАФ basic emit[2m > [22mmultiple listeners all receive events[32m 33[2mms[22m[39m
 [32mтЬУ[39m __tests__/foundation/event-bus.test.js[2m > [22meventBus тАФ error isolation[2m > [22mlistener error does not propagate to publisher[32m 8[2mms[22m[39m
[23:03:37] [34mDEBUG[39m: [36mEvent emitted[39m
    [35mservice[39m: "docpats-api"
    [35menv[39m: "test"
    [35mmodule[39m: "eventBus"
    [35mevent[39m: "lead.captured"
    [35mlistenerCount[39m: 1
[23:03:37] [31mERROR[39m: [36mEvent listener failed for lead.captured[39m
    [35mservice[39m: "docpats-api"
    [35menv[39m: "test"
    [35mmodule[39m: "eventBus"
    [35mevent[39m: "lead.captured"
    [35mpayload[39m: {}
    err: {
      "type": "Error",
      "message": "async failure",
      "stack":
          Error: async failure
              at C:/MAIN/DEVELOPER/MY-PROJECT-NEW-MOCROSERVICE/MY-PROJECT-NEW-MOCROSERVICE-MODUL/server/__tests__/foundation/event-bus.test.js:66:13
              at C:/MAIN/DEVELOPER/MY-PROJECT-NEW-MOCROSERVICE/MY-PROJECT-NEW-MOCROSERVICE-MODUL/server/common/events/eventBus.js:56:21
    }
 [32mтЬУ[39m __tests__/foundation/event-bus.test.js[2m > [22meventBus тАФ error isolation[2m > [22mone failing listener does not stop others[32m 38[2mms[22m[39m
 [32mтЬУ[39m __tests__/foundation/event-bus.test.js[2m > [22meventBus тАФ error isolation[2m > [22masync listener that throws is caught[32m 46[2mms[22m[39m
 [32mтЬУ[39m __tests__/foundation/event-bus.test.js[2m > [22mEVENTS catalog[2m > [22mcontains expected canonical events[32m 1[2mms[22m[39m
 [32mтЬУ[39m __tests__/foundation/event-bus.test.js[2m > [22mEVENTS catalog[2m > [22mis frozen (cannot mutate)[32m 1[2mms[22m[39m
[23:03:41] [33mWARN[39m: [36m[handled] Authentication and clinic context required[39m
    [35mservice[39m: "docpats-api"
    [35menv[39m: "test"
    [35mmethod[39m: "GET"
    [35murl[39m: "/api/v1/clinic/staff/search-doctors?q=Aigul"
    [35mstatus[39m: 401
    [35mcode[39m: "UNAUTHORIZED"
    [35muserId[39m: null
    [35mclinicId[39m: null
 [32mтЬУ[39m __tests__/clinic-staff/search-doctors.test.js[2m > [22mGET /api/v1/clinic/staff/search-doctors[2m > [22mreturns 401 without auth[32m 143[2mms[22m[39m
[23:03:41] [32mINFO[39m: [36mClinic created with owner membership[39m
    [35mservice[39m: "docpats-api"
    [35menv[39m: "test"
    [35mmodule[39m: "clinic-core/service"
    [35mclinicId[39m: "69ff850d752396bd312ffbff"
    [35mownerId[39m: "69ff850d752396bd312ffbe4"
    [35mslug[39m: "test-clinic-1"
[23:03:41] [34mDEBUG[39m: [36mEvent emitted with no listeners[39m
    [35mservice[39m: "docpats-api"
    [35menv[39m: "test"
    [35mmodule[39m: "eventBus"
    [35mevent[39m: "clinic.created"
[23:03:41] [33mWARN[39m: [36m[handled] Query must be at least 2 characters[39m
    [35mservice[39m: "docpats-api"
    [35menv[39m: "test"
    [35mmethod[39m: "GET"
    [35murl[39m: "/api/v1/clinic/staff/search-doctors?q=a"
    [35mstatus[39m: 400
    [35mcode[39m: "VALIDATION_ERROR"
    [35muserId[39m: "69ff850d752396bd312ffbe4"
    [35mclinicId[39m: "69ff850d752396bd312ffbff"
[23:03:41] [32mINFO[39m: [36mClinic created with owner membership[39m
    [35mservice[39m: "docpats-api"
    [35menv[39m: "test"
    [35mmodule[39m: "clinic-core/service"
    [35mclinicId[39m: "69ff850d752396bd312ffc0f"
    [35mownerId[39m: "69ff850d752396bd312ffc0d"
    [35mslug[39m: "test-clinic-2"
[23:03:41] [34mDEBUG[39m: [36mEvent emitted with no listeners[39m
    [35mservice[39m: "docpats-api"
    [35menv[39m: "test"
    [35mmodule[39m: "eventBus"
    [35mevent[39m: "clinic.created"
[23:03:41] [32mINFO[39m: [36mDoctor search completed[39m
    [35mservice[39m: "docpats-api"
    [35menv[39m: "test"
    [35mmodule[39m: "clinic-staff/search-doctors"
    [35mquery[39m: "aigul"
    [35mfound[39m: 1
    [35mclinicId[39m: "69ff850d752396bd312ffc0f"
 [32mтЬУ[39m __tests__/clinic-staff/search-doctors.test.js[2m > [22mGET /api/v1/clinic/staff/search-doctors[2m > [22mrejects too-short query[32m 141[2mms[22m[39m
[23:03:41] [32mINFO[39m: [36mClinic created with owner membership[39m
    [35mservice[39m: "docpats-api"
    [35menv[39m: "test"
    [35mmodule[39m: "clinic-core/service"
    [35mclinicId[39m: "69ff850d752396bd312ffc22"
    [35mownerId[39m: "69ff850d752396bd312ffc20"
    [35mslug[39m: "test-clinic-3"
[23:03:41] [34mDEBUG[39m: [36mEvent emitted with no listeners[39m
    [35mservice[39m: "docpats-api"
    [35menv[39m: "test"
    [35mmodule[39m: "eventBus"
    [35mevent[39m: "clinic.created"
[23:03:41] [32mINFO[39m: [36mDoctor search completed[39m
    [35mservice[39m: "docpats-api"
    [35menv[39m: "test"
    [35mmodule[39m: "clinic-staff/search-doctors"
    [35mquery[39m: "unique-domain"
    [35mfound[39m: 1
    [35mclinicId[39m: "69ff850d752396bd312ffc22"
[23:03:41] [32mINFO[39m: [36mClinic created with owner membership[39m
    [35mservice[39m: "docpats-api"
    [35menv[39m: "test"
    [35mmodule[39m: "clinic-core/service"
    [35mclinicId[39m: "69ff850d752396bd312ffc33"
    [35mownerId[39m: "69ff850d752396bd312ffc31"
    [35mslug[39m: "test-clinic-4"
[23:03:41] [34mDEBUG[39m: [36mEvent emitted with no listeners[39m
    [35mservice[39m: "docpats-api"
    [35menv[39m: "test"
    [35mmodule[39m: "eventBus"
    [35mevent[39m: "clinic.created"
 [32mтЬУ[39m __tests__/clinic-staff/search-doctors.test.js[2m > [22mGET /api/v1/clinic/staff/search-doctors[2m > [22mfinds doctor by first name[32m 88[2mms[22m[39m
 [32mтЬУ[39m __tests__/clinic-staff/search-doctors.test.js[2m > [22mGET /api/v1/clinic/staff/search-doctors[2m > [22mfinds doctor by email substring[32m 58[2mms[22m[39m
[23:03:42] [32mINFO[39m: [36mDoctor search completed[39m
    [35mservice[39m: "docpats-api"
    [35menv[39m: "test"
    [35mmodule[39m: "clinic-staff/search-doctors"
    [35mquery[39m: "already"
    [35mfound[39m: 1
    [35mclinicId[39m: "69ff850d752396bd312ffc33"
[23:03:42] [32mINFO[39m: [36mClinic created with owner membership[39m
    [35mservice[39m: "docpats-api"
    [35menv[39m: "test"
    [35mmodule[39m: "clinic-core/service"
    [35mclinicId[39m: "69ff850e752396bd312ffc48"
    [35mownerId[39m: "69ff850e752396bd312ffc46"
    [35mslug[39m: "test-clinic-5"
[23:03:42] [34mDEBUG[39m: [36mEvent emitted with no listeners[39m
    [35mservice[39m: "docpats-api"
    [35menv[39m: "test"
    [35mmodule[39m: "eventBus"
    [35mevent[39m: "clinic.created"
[23:03:42] [32mINFO[39m: [36mDoctor search completed[39m
    [35mservice[39m: "docpats-api"
    [35menv[39m: "test"
    [35mmodule[39m: "clinic-staff/search-doctors"
    [35mquery[39m: "doctor"
    [35mfound[39m: 1
    [35mclinicId[39m: "69ff850e752396bd312ffc48"
[23:03:42] [32mINFO[39m: [36mClinic created with owner membership[39m
    [35mservice[39m: "docpats-api"
    [35menv[39m: "test"
    [35mmodule[39m: "clinic-core/service"
    [35mclinicId[39m: "69ff850e752396bd312ffc5b"
    [35mownerId[39m: "69ff850e752396bd312ffc59"
    [35mslug[39m: "test-clinic-6"
[23:03:42] [34mDEBUG[39m: [36mEvent emitted with no listeners[39m
    [35mservice[39m: "docpats-api"
    [35menv[39m: "test"
    [35mmodule[39m: "eventBus"
    [35mevent[39m: "clinic.created"
 [32mтЬУ[39m __tests__/clinic-staff/search-doctors.test.js[2m > [22mGET /api/v1/clinic/staff/search-doctors[2m > [22mexcludes doctors already in the clinic[32m 72[2mms[22m[39m
 [32mтЬУ[39m __tests__/clinic-staff/search-doctors.test.js[2m > [22mGET /api/v1/clinic/staff/search-doctors[2m > [22mexcludes blocked doctors[32m 67[2mms[22m[39m
[23:03:42] [33mWARN[39m: [36m[handled] staff.write permission required[39m
    [35mservice[39m: "docpats-api"
    [35menv[39m: "test"
    [35mmethod[39m: "GET"
    [35murl[39m: "/api/v1/clinic/staff/search-doctors?q=test"
    [35mstatus[39m: 403
    [35mcode[39m: "FORBIDDEN"
    [35muserId[39m: "69ff850e752396bd312ffc5f"
    [35mclinicId[39m: "69ff850e752396bd312ffc5b"
 [32mтЬУ[39m __tests__/clinic-staff/search-doctors.test.js[2m > [22mGET /api/v1/clinic/staff/search-doctors[2m > [22mdoctor without staff.write permission gets 403[32m 41[2mms[22m[39m
 [32mтЬУ[39m __tests__/foundation/permissions.test.js[2m > [22mpermissions catalog[2m > [22mRESOURCES is non-empty and frozen[32m 5[2mms[22m[39m
 [32mтЬУ[39m __tests__/foundation/permissions.test.js[2m > [22mpermissions catalog[2m > [22mROLES include 9 standard roles[32m 2[2mms[22m[39m
 [32mтЬУ[39m __tests__/foundation/permissions.test.js[2m > [22mpermissions catalog[2m > [22mowner has FULL on every resource[32m 4[2mms[22m[39m
 [32mтЬУ[39m __tests__/foundation/permissions.test.js[2m > [22mpermissions catalog[2m > [22mdoctor has medical_record write[32m 1[2mms[22m[39m
 [32mтЬУ[39m __tests__/foundation/permissions.test.js[2m > [22mpermissions catalog[2m > [22mdoctor has no payroll access[32m 1[2mms[22m[39m
 [32mтЬУ[39m __tests__/foundation/permissions.test.js[2m > [22mpermissions catalog[2m > [22maccountant has payroll FULL but no patient[32m 0[2mms[22m[39m
 [32mтЬУ[39m __tests__/foundation/permissions.test.js[2m > [22mcan() тАФ context-aware[2m > [22mreturns false outside context[32m 1[2mms[22m[39m
 [32mтЬУ[39m __tests__/foundation/permissions.test.js[2m > [22mcan() тАФ context-aware[2m > [22mdoctor can patient.write but not patient.delete[32m 2[2mms[22m[39m
 [32mтЬУ[39m __tests__/foundation/permissions.test.js[2m > [22mcan() тАФ context-aware[2m > [22msupports dot-notation[32m 1[2mms[22m[39m
 [32mтЬУ[39m __tests__/foundation/permissions.test.js[2m > [22mcan() тАФ context-aware[2m > [22moverride permissions take precedence[32m 1[2mms[22m[39m
 [32mтЬУ[39m __tests__/foundation/permissions.test.js[2m > [22mcan() тАФ context-aware[2m > [22mrejects invalid syntax[32m 1[2mms[22m[39m
 [32mтЬУ[39m __tests__/foundation/permissions.test.js[2m > [22mrequire()[2m > [22mthrows ForbiddenError on denied[32m 1[2mms[22m[39m
 [32mтЬУ[39m __tests__/foundation/permissions.test.js[2m > [22mrequire()[2m > [22mdoes not throw on allowed[32m 1[2mms[22m[39m
 [32mтЬУ[39m __tests__/foundation/permissions.test.js[2m > [22mcanFor() тАФ without context[2m > [22mworks without AsyncLocalStorage context[32m 1[2mms[22m[39m
 [32mтЬУ[39m __tests__/foundation/permissions.test.js[2m > [22mcanFor() тАФ without context[2m > [22mreturns false for null membership[32m 1[2mms[22m[39m
 [32mтЬУ[39m __tests__/foundation/permissions.test.js[2m > [22mcanFor() тАФ without context[2m > [22mrequireFor throws like require[32m 1[2mms[22m[39m
 [32mтЬУ[39m __tests__/foundation/permissions.test.js[2m > [22mrole hierarchy[2m > [22mlevels are ordered[32m 1[2mms[22m[39m
 [32mтЬУ[39m __tests__/foundation/permissions.test.js[2m > [22mrole hierarchy[2m > [22madmin can assign doctor but not owner or admin[32m 1[2mms[22m[39m
 [32mтЬУ[39m __tests__/foundation/permissions.test.js[2m > [22mrole hierarchy[2m > [22mnurse cannot assign doctor[32m 0[2mms[22m[39m
 [32mтЬУ[39m __tests__/foundation/permissions.test.js[2m > [22mrole hierarchy[2m > [22misAtLeastSeniorTo includes equal levels[32m 1[2mms[22m[39m

[2m Test Files [22m [1m[32m14 passed[39m[22m[90m (14)[39m
[2m      Tests [22m [1m[32m184 passed[39m[22m[90m (184)[39m
[2m   Start at [22m 23:02:46
[2m   Duration [22m 59.70s[2m (transform 870ms, setup 12.81s, import 3.84s, tests 38.16s, environment 5ms)[22m

